Archive member included to satisfy reference by file (symbol)

C:\Users\carlo\Documents\ISEL\Semestre 5\SE\workspace\MFRC522\Release\libMFRC522.a(mfrc522.o)
                              ./src/Trab.o (MFRC522_Init)
C:\Users\carlo\Documents\ISEL\Semestre 5\SE\workspace\DRIVERS\Debug\libDRIVERS.a(DELAY.o)
                              ./src/Trab.o (DELAY_Init)
C:\Users\carlo\Documents\ISEL\Semestre 5\SE\workspace\DRIVERS\Debug\libDRIVERS.a(DRIVERS_MFRC522.o)
                              C:\Users\carlo\Documents\ISEL\Semestre 5\SE\workspace\MFRC522\Release\libMFRC522.a(mfrc522.o) (MFRC522_PreInit)
C:\Users\carlo\Documents\ISEL\Semestre 5\SE\workspace\DRIVERS\Debug\libDRIVERS.a(ENCODER.o)
                              ./src/Trab.o (ENCODER_Init)
C:\Users\carlo\Documents\ISEL\Semestre 5\SE\workspace\DRIVERS\Debug\libDRIVERS.a(LCD.o)
                              ./src/Trab.o (LCDText_Init)
C:\Users\carlo\Documents\ISEL\Semestre 5\SE\workspace\DRIVERS\Debug\libDRIVERS.a(LED.o)
                              ./src/Trab.o (LED_Init)
C:\Users\carlo\Documents\ISEL\Semestre 5\SE\workspace\DRIVERS\Debug\libDRIVERS.a(RTC.o)
                              ./src/Trab.o (RTC_Init)
C:\Users\carlo\Documents\ISEL\Semestre 5\SE\workspace\HAL\Debug\libHAL.a(SYSTICK.o)
                              C:\Users\carlo\Documents\ISEL\Semestre 5\SE\workspace\DRIVERS\Debug\libDRIVERS.a(DELAY.o) (SYSTICK_Init)
C:\Users\carlo\Documents\ISEL\Semestre 5\SE\workspace\HAL\Debug\libHAL.a(flash.o)
                              ./src/modes.o (FLASH_PrepareSector)
C:\Users\carlo\Documents\ISEL\Semestre 5\SE\workspace\HAL\Debug\libHAL.a(pin.o)
                              C:\Users\carlo\Documents\ISEL\Semestre 5\SE\workspace\DRIVERS\Debug\libDRIVERS.a(ENCODER.o) (PIN_Check)
C:\Users\carlo\Documents\ISEL\Semestre 5\SE\workspace\HAL\Debug\libHAL.a(pinconfig.o)
                              C:\Users\carlo\Documents\ISEL\Semestre 5\SE\workspace\DRIVERS\Debug\libDRIVERS.a(ENCODER.o) (PIN_settype)
C:\Users\carlo\Documents\ISEL\Semestre 5\SE\workspace\HAL\Debug\libHAL.a(rtcHal.o)
                              ./src/utils.o (RTC_Start)
C:\Users\carlo\Documents\ISEL\Semestre 5\SE\workspace\HAL\Debug\libHAL.a(spi.o)
                              C:\Users\carlo\Documents\ISEL\Semestre 5\SE\workspace\DRIVERS\Debug\libDRIVERS.a(DRIVERS_MFRC522.o) (SPI_Init)
C:\Users\carlo\Documents\ISEL\Semestre 5\SE\workspace\HAL\Debug\libHAL.a(timer.o)
                              C:\Users\carlo\Documents\ISEL\Semestre 5\SE\workspace\DRIVERS\Debug\libDRIVERS.a(ENCODER.o) (RIT_SetHandler)
C:\Users\carlo\Documents\ISEL\Semestre 5\SE\SE\CMSIS_CORE_LPC17XX\Debug\libCMSIS_CORE_LPC17xx.a(system_LPC17xx.o)
                              C:\Users\carlo\Documents\ISEL\Semestre 5\SE\workspace\HAL\Debug\libHAL.a(SYSTICK.o) (SystemCoreClockUpdate)
c:/nxp/mcuxpressoide_11.8.0_1165/ide/plugins/com.nxp.mcuxpresso.tools.win32_11.8.0.202306131047/tools/bin/../lib/gcc/arm-none-eabi/12.2.1/../../../../arm-none-eabi/lib/thumb/v7-m/nofp\libcr_semihost.a(_cr__main.o)
                              ./src/cr_startup_lpc175x_6x.o (__main)
c:/nxp/mcuxpressoide_11.8.0_1165/ide/plugins/com.nxp.mcuxpresso.tools.win32_11.8.0.202306131047/tools/bin/../lib/gcc/arm-none-eabi/12.2.1/../../../../arm-none-eabi/lib/thumb/v7-m/nofp\libcr_c.a(memcpy.o)
                              ./src/modes.o (memcpy)
c:/nxp/mcuxpressoide_11.8.0_1165/ide/plugins/com.nxp.mcuxpresso.tools.win32_11.8.0.202306131047/tools/bin/../lib/gcc/arm-none-eabi/12.2.1/../../../../arm-none-eabi/lib/thumb/v7-m/nofp\libcr_c.a(cr_time.o)
                              C:\Users\carlo\Documents\ISEL\Semestre 5\SE\workspace\DRIVERS\Debug\libDRIVERS.a(RTC.o) (time)
c:/nxp/mcuxpressoide_11.8.0_1165/ide/plugins/com.nxp.mcuxpresso.tools.win32_11.8.0.202306131047/tools/bin/../lib/gcc/arm-none-eabi/12.2.1/../../../../arm-none-eabi/lib/thumb/v7-m/nofp\libcr_c.a(fpprintf.o)
                              C:\Users\carlo\Documents\ISEL\Semestre 5\SE\workspace\DRIVERS\Debug\libDRIVERS.a(LCD.o) (vsprintf)
c:/nxp/mcuxpressoide_11.8.0_1165/ide/plugins/com.nxp.mcuxpresso.tools.win32_11.8.0.202306131047/tools/bin/../lib/gcc/arm-none-eabi/12.2.1/../../../../arm-none-eabi/lib/thumb/v7-m/nofp\libcr_c.a(initio.o)
                              c:/nxp/mcuxpressoide_11.8.0_1165/ide/plugins/com.nxp.mcuxpresso.tools.win32_11.8.0.202306131047/tools/bin/../lib/gcc/arm-none-eabi/12.2.1/../../../../arm-none-eabi/lib/thumb/v7-m/nofp\libcr_semihost.a(_cr__main.o) (_initio)
c:/nxp/mcuxpressoide_11.8.0_1165/ide/plugins/com.nxp.mcuxpresso.tools.win32_11.8.0.202306131047/tools/bin/../lib/gcc/arm-none-eabi/12.2.1/../../../../arm-none-eabi/lib/thumb/v7-m/nofp\libcr_c.a(printf.o)
                              c:/nxp/mcuxpressoide_11.8.0_1165/ide/plugins/com.nxp.mcuxpresso.tools.win32_11.8.0.202306131047/tools/bin/../lib/gcc/arm-none-eabi/12.2.1/../../../../arm-none-eabi/lib/thumb/v7-m/nofp\libcr_c.a(fpprintf.o) (__vfprintf)
[...]
Memory Configuration

Name             Origin             Length             Attributes
MFlash512        0x00000000         0x00080000         xr
RamLoc32         0x10000000         0x00008000         xrw
RamAHB32         0x2007c000         0x00008000         xrw
*default*        0x00000000         0xffffffff

Linker script and memory map

LOAD ./src/Trab.o
LOAD ./src/cr_startup_lpc175x_6x.o
LOAD ./src/crp.o
LOAD ./src/modes.o
LOAD ./src/utils.o
LOAD C:\Users\carlo\Documents\ISEL\Semestre 5\SE\workspace\MFRC522\Release\libMFRC522.a
LOAD C:\Users\carlo\Documents\ISEL\Semestre 5\SE\workspace\DRIVERS\Debug\libDRIVERS.a
LOAD C:\Users\carlo\Documents\ISEL\Semestre 5\SE\workspace\HAL\Debug\libHAL.a
LOAD C:\Users\carlo\Documents\ISEL\Semestre 5\SE\SE\CMSIS_CORE_LPC17XX\Debug\libCMSIS_CORE_LPC17xx.a
START GROUP
LOAD c:/nxp/mcuxpressoide_11.8.0_1165/ide/plugins/com.nxp.mcuxpresso.tools.win32_11.8.0.202306131047/tools/bin/../lib/gcc/arm-none-eabi/12.2.1/../../../../arm-none-eabi/lib/thumb/v7-m/nofp\libcr_semihost.a
LOAD c:/nxp/mcuxpressoide_11.8.0_1165/ide/plugins/com.nxp.mcuxpresso.tools.win32_11.8.0.202306131047/tools/bin/../lib/gcc/arm-none-eabi/12.2.1/../../../../arm-none-eabi/lib/thumb/v7-m/nofp\libcr_c.a
LOAD c:/nxp/mcuxpressoide_11.8.0_1165/ide/plugins/com.nxp.mcuxpresso.tools.win32_11.8.0.202306131047/tools/bin/../lib/gcc/arm-none-eabi/12.2.1/thumb/v7-m/nofp\libcr_eabihelpers.a
LOAD c:/nxp/mcuxpressoide_11.8.0_1165/ide/plugins/com.nxp.mcuxpresso.tools.win32_11.8.0.202306131047/tools/bin/../lib/gcc/arm-none-eabi/12.2.1/thumb/v7-m/nofp\libgcc.a
END GROUP
                0x00000000                __base_MFlash512 = 0x0
                0x00000000                __base_Flash = 0x0
                0x00080000                __top_MFlash512 = 0x80000
                0x00080000                __top_Flash = 0x80000
                0x10000000                __base_RamLoc32 = 0x10000000
                0x10000000                __base_RAM = 0x10000000
                0x10008000                __top_RamLoc32 = 0x10008000
                0x10008000                __top_RAM = 0x10008000
                0x2007c000                __base_RamAHB32 = 0x2007c000
                0x2007c000                __base_RAM2 = 0x2007c000
                0x20084000                __top_RamAHB32 = 0x20084000
                0x20084000                __top_RAM2 = 0x20084000

.text           0x00000000     0x5e4c
 FILL mask 0xff
                0x00000000                __vectors_start__ = ABSOLUTE (.)
 *(.isr_vector)
 .isr_vector    0x00000000       0xcc ./src/cr_startup_lpc175x_6x.o
                0x00000000                g_pfnVectors
                0x000000cc                . = ALIGN (0x4)
                0x000000cc                __section_table_start = .
                0x000000cc                __data_section_table = .
                0x000000cc        0x4 LONG 0x5e4c LOADADDR (.data)
                0x000000d0        0x4 LONG 0x10000000 ADDR (.data)
                0x000000d4        0x4 LONG 0x4 SIZEOF (.data)
                0x000000d8        0x4 LONG 0x5e4c LOADADDR (.data_RAM2)
                0x000000dc        0x4 LONG 0x2007c000 ADDR (.data_RAM2)
                0x000000e0        0x4 LONG 0x0 SIZEOF (.data_RAM2)
                0x000000e4                __data_section_table_end = .
                0x000000e4                __bss_section_table = .
                0x000000e4        0x4 LONG 0x10000004 ADDR (.bss)
                0x000000e8        0x4 LONG 0x1b9c SIZEOF (.bss)
                0x000000ec        0x4 LONG 0x2007c000 ADDR (.bss_RAM2)
                0x000000f0        0x4 LONG 0x0 SIZEOF (.bss_RAM2)
                0x000000f4                __bss_section_table_end = .
                0x000000f4                __section_table_end = .
 *(.after_vectors*)
 .after_vectors
                0x000000f4      0x148 ./src/cr_startup_lpc175x_6x.o
                0x000000f4                data_init
                0x00000138                bss_init
                0x00000170                ResetISR
                0x000001ec                NMI_Handler
                0x000001f4                HardFault_Handler
                0x000001fc                MemManage_Handler
                0x00000204                BusFault_Handler
                0x0000020c                UsageFault_Handler
                0x00000214                SVC_Handler
                0x0000021c                DebugMon_Handler
                0x00000224                PendSV_Handler
                0x00000234                EINT3_IRQHandler
                0x00000234                CANActivity_IRQHandler
                0x00000234                TIMER3_IRQHandler
                0x00000234                UART0_IRQHandler
                0x00000234                PWM1_IRQHandler
                0x00000234                UART1_IRQHandler
                0x00000234                IntDefaultHandler
                0x00000234                PLL0_IRQHandler
                0x00000234                CAN_IRQHandler
                0x00000234                USBActivity_IRQHandler
                0x00000234                SSP0_IRQHandler
                0x00000234                EINT2_IRQHandler
                0x00000234                I2C2_IRQHandler
                0x00000234                RTC_IRQHandler
                0x00000234                TIMER0_IRQHandler
                0x00000234                SPI_IRQHandler
                0x00000234                I2C0_IRQHandler
                0x00000234                EINT1_IRQHandler
                0x00000234                TIMER1_IRQHandler
                0x00000234                UART2_IRQHandler
                0x00000234                ADC_IRQHandler
                0x00000234                SSP1_IRQHandler
                0x00000234                USB_IRQHandler
                0x00000234                BOD_IRQHandler
                0x00000234                I2C1_IRQHandler
                0x00000234                WDT_IRQHandler
                0x00000234                I2S_IRQHandler
                0x00000234                QEI_IRQHandler
                0x00000234                EINT0_IRQHandler
                0x00000234                PLL1_IRQHandler
                0x00000234                DMA_IRQHandler
                0x00000234                TIMER2_IRQHandler
                0x00000234                UART3_IRQHandler
                0x00000234                MCPWM_IRQHandler
                0x00000234                ENET_IRQHandler
                0x000002fc                . = 0x2fc
 *fill*         0x0000023c       0xc0 ff
                0x000002fc                PROVIDE (__CRP_WORD_START__ = .)
 *(.crp)
 .crp           0x000002fc        0x4 ./src/crp.o
                0x000002fc                CRP_WORD
                0x00000300                PROVIDE (__CRP_WORD_END__ = .)
                0x00000001                ASSERT (! ((__CRP_WORD_START__ == __CRP_WORD_END__)), Linker CRP Enabled, but no CRP_WORD provided within application)
 *(.text*)
 .text.main     0x00000300       0x80 ./src/Trab.o
                0x00000300                main
 .text.modoNormal
                0x00000380      0x3a4 ./src/modes.o
                0x00000380                modoNormal
 .text.modoManutencao
                0x00000724      0x4a8 ./src/modes.o
                0x00000724                modoManutencao
 .text.isAuthorized
                0x00000bcc       0x7c ./src/modes.o
                0x00000bcc                isAuthorized
 .text.isEqual  0x00000c48       0x5c ./src/modes.o
                0x00000c48                isEqual
 .text.addLogEntry
                0x00000ca4      0x3d0 ./src/modes.o
                0x00000ca4                addLogEntry
 .text.displayLog
                0x00001074       0x80 ./src/modes.o
                0x00001074                displayLog
 .text.removeCard
                0x000010f4       0xa0 ./src/modes.o
                0x000010f4                removeCard
 .text.addCard  0x00001194       0xdc ./src/modes.o
                0x00001194                addCard
 .text.numDays  0x00001270       0x98 ./src/utils.o
                0x00001270                numDays
 .text.textCalendar
                0x00001308       0xe4 ./src/utils.o
                0x00001308                textCalendar
 .text.textClock
                0x000013ec       0x9c ./src/utils.o
                0x000013ec                textClock
 .text.setDate  0x00001488      0x290 ./src/utils.o
                0x00001488                setDate
 .text.setClock
                0x00001718      0x208 ./src/utils.o
                0x00001718                setClock
 .text.MFRC522_Init
                0x00001920       0x10 C:\Users\carlo\Documents\ISEL\Semestre 5\SE\workspace\MFRC522\Release\libMFRC522.a(mfrc522.o)
                0x00001920                MFRC522_Init
 .text.PCD_Init
                0x00001930       0x54 C:\Users\carlo\Documents\ISEL\Semestre 5\SE\workspace\MFRC522\Release\libMFRC522.a(mfrc522.o)
                0x00001930                PCD_Init
 .text.PCD_AntennaOn
                0x00001984       0x32 C:\Users\carlo\Documents\ISEL\Semestre 5\SE\workspace\MFRC522\Release\libMFRC522.a(mfrc522.o)
                0x00001984                PCD_AntennaOn
 .text.PCD_WriteRegister
                0x000019b6       0x3a C:\Users\carlo\Documents\ISEL\Semestre 5\SE\workspace\MFRC522\Release\libMFRC522.a(mfrc522.o)
                0x000019b6                PCD_WriteRegister
 .text.PCD_WriteRegisterMultiple
                0x000019f0       0x54 C:\Users\carlo\Documents\ISEL\Semestre 5\SE\workspace\MFRC522\Release\libMFRC522.a(mfrc522.o)
                0x000019f0                PCD_WriteRegisterMultiple
 .text.PCD_ReadRegister
                0x00001a44       0x38 C:\Users\carlo\Documents\ISEL\Semestre 5\SE\workspace\MFRC522\Release\libMFRC522.a(mfrc522.o)
                0x00001a44                PCD_ReadRegister
 .text.PCD_ReadRegisterMultiple
                0x00001a7c       0xec C:\Users\carlo\Documents\ISEL\Semestre 5\SE\workspace\MFRC522\Release\libMFRC522.a(mfrc522.o)
                0x00001a7c                PCD_ReadRegisterMultiple
 .text.PCD_SetRegisterBits
                0x00001b68       0x36 C:\Users\carlo\Documents\ISEL\Semestre 5\SE\workspace\MFRC522\Release\libMFRC522.a(mfrc522.o)
                0x00001b68                PCD_SetRegisterBits
 .text.PCD_ClrRegisterBits
                0x00001b9e       0x40 C:\Users\carlo\Documents\ISEL\Semestre 5\SE\workspace\MFRC522\Release\libMFRC522.a(mfrc522.o)
                0x00001b9e                PCD_ClrRegisterBits
 .text.PCD_CalculateCRC
                0x00001bde       0x94 C:\Users\carlo\Documents\ISEL\Semestre 5\SE\workspace\MFRC522\Release\libMFRC522.a(mfrc522.o)
                0x00001bde                PCD_CalculateCRC
 .text.PCD_TransceiveData
                0x00001c72       0x44 C:\Users\carlo\Documents\ISEL\Semestre 5\SE\workspace\MFRC522\Release\libMFRC522.a(mfrc522.o)
                0x00001c72                PCD_TransceiveData
 .text.PCD_CommunicateWithPICC
                0x00001cb6      0x1be C:\Users\carlo\Documents\ISEL\Semestre 5\SE\workspace\MFRC522\Release\libMFRC522.a(mfrc522.o)
                0x00001cb6                PCD_CommunicateWithPICC
 .text.PICC_RequestA
                0x00001e74       0x1e C:\Users\carlo\Documents\ISEL\Semestre 5\SE\workspace\MFRC522\Release\libMFRC522.a(mfrc522.o)
                0x00001e74                PICC_RequestA
 .text.PICC_REQA_or_WUPA
                0x00001e92       0x72 C:\Users\carlo\Documents\ISEL\Semestre 5\SE\workspace\MFRC522\Release\libMFRC522.a(mfrc522.o)
                0x00001e92                PICC_REQA_or_WUPA
 .text.PICC_Select
                0x00001f04      0x44a C:\Users\carlo\Documents\ISEL\Semestre 5\SE\workspace\MFRC522\Release\libMFRC522.a(mfrc522.o)
                0x00001f04                PICC_Select
 .text.PICC_IsNewCardPresent
                0x0000234e       0x36 C:\Users\carlo\Documents\ISEL\Semestre 5\SE\workspace\MFRC522\Release\libMFRC522.a(mfrc522.o)
                0x0000234e                PICC_IsNewCardPresent
 .text.PICC_ReadCardSerial
                0x00002384       0x3c C:\Users\carlo\Documents\ISEL\Semestre 5\SE\workspace\MFRC522\Release\libMFRC522.a(mfrc522.o)
                0x00002384                PICC_ReadCardSerial
 .text.DELAY_Init
                0x000023c0       0x24 C:\Users\carlo\Documents\ISEL\Semestre 5\SE\workspace\DRIVERS\Debug\libDRIVERS.a(DELAY.o)
                0x000023c0                DELAY_Init
 .text.DELAY_Milliseconds
                0x000023e4       0x2e C:\Users\carlo\Documents\ISEL\Semestre 5\SE\workspace\DRIVERS\Debug\libDRIVERS.a(DELAY.o)
                0x000023e4                DELAY_Milliseconds
 .text.DELAY_GetElapsedMillis
                0x00002412       0x1a C:\Users\carlo\Documents\ISEL\Semestre 5\SE\workspace\DRIVERS\Debug\libDRIVERS.a(DELAY.o)
                0x00002412                DELAY_GetElapsedMillis
 .text.DELAY_StopwatchInit
                0x0000242c        0xa C:\Users\carlo\Documents\ISEL\Semestre 5\SE\workspace\DRIVERS\Debug\libDRIVERS.a(DELAY.o)
                0x0000242c                DELAY_StopwatchInit
 .text.DELAY_Stopwatch
                0x00002436       0x14 C:\Users\carlo\Documents\ISEL\Semestre 5\SE\workspace\DRIVERS\Debug\libDRIVERS.a(DELAY.o)
                0x00002436                DELAY_Stopwatch
 *fill*         0x0000244a        0x2 ff
 .text.MFRC522_PreInit
                0x0000244c       0x2c C:\Users\carlo\Documents\ISEL\Semestre 5\SE\workspace\DRIVERS\Debug\libDRIVERS.a(DRIVERS_MFRC522.o)
                0x0000244c                MFRC522_PreInit
 .text.MFRC522_Reset
                0x00002478       0x26 C:\Users\carlo\Documents\ISEL\Semestre 5\SE\workspace\DRIVERS\Debug\libDRIVERS.a(DRIVERS_MFRC522.o)
                0x00002478                MFRC522_Reset
 .text.MFRC522_Select
                0x0000249e       0x26 C:\Users\carlo\Documents\ISEL\Semestre 5\SE\workspace\DRIVERS\Debug\libDRIVERS.a(DRIVERS_MFRC522.o)
                0x0000249e                MFRC522_Select
 .text.MFRC522_Transfer
                0x000024c4       0x24 C:\Users\carlo\Documents\ISEL\Semestre 5\SE\workspace\DRIVERS\Debug\libDRIVERS.a(DRIVERS_MFRC522.o)
                0x000024c4                MFRC522_Transfer
 .text.MFRC522_WaitMs
                0x000024e8       0x14 C:\Users\carlo\Documents\ISEL\Semestre 5\SE\workspace\DRIVERS\Debug\libDRIVERS.a(DRIVERS_MFRC522.o)
                0x000024e8                MFRC522_WaitMs
 .text.ENCODER_Handler
                0x000024fc      0x114 C:\Users\carlo\Documents\ISEL\Semestre 5\SE\workspace\DRIVERS\Debug\libDRIVERS.a(ENCODER.o)
                0x000024fc                ENCODER_Handler
 .text.ENCODER_Init
                0x00002610       0x50 C:\Users\carlo\Documents\ISEL\Semestre 5\SE\workspace\DRIVERS\Debug\libDRIVERS.a(ENCODER.o)
                0x00002610                ENCODER_Init
 .text.ENCODER_GetValue
                0x00002660       0x4c C:\Users\carlo\Documents\ISEL\Semestre 5\SE\workspace\DRIVERS\Debug\libDRIVERS.a(ENCODER.o)
                0x00002660                ENCODER_GetValue
 .text.ENCODER_GetButton
                0x000026ac       0x24 C:\Users\carlo\Documents\ISEL\Semestre 5\SE\workspace\DRIVERS\Debug\libDRIVERS.a(ENCODER.o)
                0x000026ac                ENCODER_GetButton
 .text.ReadValues
                0x000026d0       0x60 C:\Users\carlo\Documents\ISEL\Semestre 5\SE\workspace\DRIVERS\Debug\libDRIVERS.a(ENCODER.o)
                0x000026d0                ReadValues
 .text.LCDText_WriteNibble
                0x00002730       0xa0 C:\Users\carlo\Documents\ISEL\Semestre 5\SE\workspace\DRIVERS\Debug\libDRIVERS.a(LCD.o)
 .text.LCDText_WriteByte
                0x000027d0       0x44 C:\Users\carlo\Documents\ISEL\Semestre 5\SE\workspace\DRIVERS\Debug\libDRIVERS.a(LCD.o)
 .text.LCDText_WriteData
                0x00002814       0x22 C:\Users\carlo\Documents\ISEL\Semestre 5\SE\workspace\DRIVERS\Debug\libDRIVERS.a(LCD.o)
 .text.LCDText_WriteCMD
                0x00002836       0x22 C:\Users\carlo\Documents\ISEL\Semestre 5\SE\workspace\DRIVERS\Debug\libDRIVERS.a(LCD.o)
 .text.LCDText_Init
                0x00002858       0xe4 C:\Users\carlo\Documents\ISEL\Semestre 5\SE\workspace\DRIVERS\Debug\libDRIVERS.a(LCD.o)
                0x00002858                LCDText_Init
 .text.LCDText_WriteChar
                0x0000293c       0x20 C:\Users\carlo\Documents\ISEL\Semestre 5\SE\workspace\DRIVERS\Debug\libDRIVERS.a(LCD.o)
                0x0000293c                LCDText_WriteChar
 .text.LCDText_WriteString
                0x0000295c       0x5e C:\Users\carlo\Documents\ISEL\Semestre 5\SE\workspace\DRIVERS\Debug\libDRIVERS.a(LCD.o)
                0x0000295c                LCDText_WriteString
 .text.LCDText_SetCursor
                0x000029ba       0x48 C:\Users\carlo\Documents\ISEL\Semestre 5\SE\workspace\DRIVERS\Debug\libDRIVERS.a(LCD.o)
                0x000029ba                LCDText_SetCursor
 .text.LCDText_Clear
                0x00002a02       0x1e C:\Users\carlo\Documents\ISEL\Semestre 5\SE\workspace\DRIVERS\Debug\libDRIVERS.a(LCD.o)
                0x00002a02                LCDText_Clear
 .text.LCDText_Printf
                0x00002a20       0x40 C:\Users\carlo\Documents\ISEL\Semestre 5\SE\workspace\DRIVERS\Debug\libDRIVERS.a(LCD.o)
                0x00002a20                LCDText_Printf
 .text.LED_Init
                0x00002a60       0x36 C:\Users\carlo\Documents\ISEL\Semestre 5\SE\workspace\DRIVERS\Debug\libDRIVERS.a(LED.o)
                0x00002a60                LED_Init
 .text.LED_On   0x00002a96        0xe C:\Users\carlo\Documents\ISEL\Semestre 5\SE\workspace\DRIVERS\Debug\libDRIVERS.a(LED.o)
                0x00002a96                LED_On
 .text.LED_Off  0x00002aa4        0xe C:\Users\carlo\Documents\ISEL\Semestre 5\SE\workspace\DRIVERS\Debug\libDRIVERS.a(LED.o)
                0x00002aa4                LED_Off
 .text.RTC_Init
                0x00002ab2       0x22 C:\Users\carlo\Documents\ISEL\Semestre 5\SE\workspace\DRIVERS\Debug\libDRIVERS.a(RTC.o)
                0x00002ab2                RTC_Init
 .text.RTC_GetValue
                0x00002ad4       0x16 C:\Users\carlo\Documents\ISEL\Semestre 5\SE\workspace\DRIVERS\Debug\libDRIVERS.a(RTC.o)
                0x00002ad4                RTC_GetValue
 .text.RTC_SetValue
                0x00002aea       0x16 C:\Users\carlo\Documents\ISEL\Semestre 5\SE\workspace\DRIVERS\Debug\libDRIVERS.a(RTC.o)
                0x00002aea                RTC_SetValue
 .text.NVIC_SetPriority
                0x00002b00       0x54 C:\Users\carlo\Documents\ISEL\Semestre 5\SE\workspace\HAL\Debug\libHAL.a(SYSTICK.o)
 .text.SysTick_Config
                0x00002b54       0x44 C:\Users\carlo\Documents\ISEL\Semestre 5\SE\workspace\HAL\Debug\libHAL.a(SYSTICK.o)
 .text.SysTick_Handler
                0x00002b98       0x1c C:\Users\carlo\Documents\ISEL\Semestre 5\SE\workspace\HAL\Debug\libHAL.a(SYSTICK.o)
                0x00002b98                SysTick_Handler
 .text.SYSTICK_Init
                0x00002bb4       0x28 C:\Users\carlo\Documents\ISEL\Semestre 5\SE\workspace\HAL\Debug\libHAL.a(SYSTICK.o)
                0x00002bb4                SYSTICK_Init
 .text.SYSTICK_GetValue
                0x00002bdc       0x14 C:\Users\carlo\Documents\ISEL\Semestre 5\SE\workspace\HAL\Debug\libHAL.a(SYSTICK.o)
                0x00002bdc                SYSTICK_GetValue
 .text.PIN_Check
                0x00002bf0       0x4a C:\Users\carlo\Documents\ISEL\Semestre 5\SE\workspace\HAL\Debug\libHAL.a(pin.o)
                0x00002bf0                PIN_Check
 .text.PIN_Dir  0x00002c3a       0x4a C:\Users\carlo\Documents\ISEL\Semestre 5\SE\workspace\HAL\Debug\libHAL.a(pin.o)
                0x00002c3a                PIN_Dir
 .text.PIN_Set  0x00002c84       0x40 C:\Users\carlo\Documents\ISEL\Semestre 5\SE\workspace\HAL\Debug\libHAL.a(pin.o)
                0x00002c84                PIN_Set
 .text.PIN_Clear
                0x00002cc4       0x40 C:\Users\carlo\Documents\ISEL\Semestre 5\SE\workspace\HAL\Debug\libHAL.a(pin.o)
                0x00002cc4                PIN_Clear
 .text.PIN_settype
                0x00002d04       0x6c C:\Users\carlo\Documents\ISEL\Semestre 5\SE\workspace\HAL\Debug\libHAL.a(pinconfig.o)
                0x00002d04                PIN_settype
 .text.RTC_Start
                0x00002d70       0x18 C:\Users\carlo\Documents\ISEL\Semestre 5\SE\workspace\HAL\Debug\libHAL.a(rtcHal.o)
                0x00002d70                RTC_Start
 .text.RTC_Stop
                0x00002d88       0x18 C:\Users\carlo\Documents\ISEL\Semestre 5\SE\workspace\HAL\Debug\libHAL.a(rtcHal.o)
                0x00002d88                RTC_Stop
 .text.RTC_HalInit
                0x00002da0       0x38 C:\Users\carlo\Documents\ISEL\Semestre 5\SE\workspace\HAL\Debug\libHAL.a(rtcHal.o)
                0x00002da0                RTC_HalInit
 .text.RTC_HalGetValue
                0x00002dd8       0x78 C:\Users\carlo\Documents\ISEL\Semestre 5\SE\workspace\HAL\Debug\libHAL.a(rtcHal.o)
                0x00002dd8                RTC_HalGetValue
 .text.RTC_HalSetValue
                0x00002e50       0x74 C:\Users\carlo\Documents\ISEL\Semestre 5\SE\workspace\HAL\Debug\libHAL.a(rtcHal.o)
                0x00002e50                RTC_HalSetValue
 .text.SPI_Init
                0x00002ec4       0x64 C:\Users\carlo\Documents\ISEL\Semestre 5\SE\workspace\HAL\Debug\libHAL.a(spi.o)
                0x00002ec4                SPI_Init
 .text.SPI_ConfigTransfer
                0x00002f28       0x8c C:\Users\carlo\Documents\ISEL\Semestre 5\SE\workspace\HAL\Debug\libHAL.a(spi.o)
                0x00002f28                SPI_ConfigTransfer
 .text.SPI_Transfer
                0x00002fb4       0x34 C:\Users\carlo\Documents\ISEL\Semestre 5\SE\workspace\HAL\Debug\libHAL.a(spi.o)
                0x00002fb4                SPI_Transfer
 .text.NVIC_EnableIRQ
                0x00002fe8       0x30 C:\Users\carlo\Documents\ISEL\Semestre 5\SE\workspace\HAL\Debug\libHAL.a(timer.o)
 .text.RIT_ClockEnable
                0x00003018       0x30 C:\Users\carlo\Documents\ISEL\Semestre 5\SE\workspace\HAL\Debug\libHAL.a(timer.o)
                0x00003018                RIT_ClockEnable
 .text.RITPWR_GetPClk
                0x00003048       0x74 C:\Users\carlo\Documents\ISEL\Semestre 5\SE\workspace\HAL\Debug\libHAL.a(timer.o)
                0x00003048                RITPWR_GetPClk
 .text.RIT_SetHandler
                0x000030bc       0x5c C:\Users\carlo\Documents\ISEL\Semestre 5\SE\workspace\HAL\Debug\libHAL.a(timer.o)
                0x000030bc                RIT_SetHandler
 .text.RIT_IRQHandler
                0x00003118       0x1c C:\Users\carlo\Documents\ISEL\Semestre 5\SE\workspace\HAL\Debug\libHAL.a(timer.o)
                0x00003118                RIT_IRQHandler
 .text.RIT_Start
                0x00003134       0x3c C:\Users\carlo\Documents\ISEL\Semestre 5\SE\workspace\HAL\Debug\libHAL.a(timer.o)
                0x00003134                RIT_Start
 .text.RIT_Restart
                0x00003170       0x20 C:\Users\carlo\Documents\ISEL\Semestre 5\SE\workspace\HAL\Debug\libHAL.a(timer.o)
                0x00003170                RIT_Restart
 .text.TIMER_StopwatchInit
                0x00003190       0x8c C:\Users\carlo\Documents\ISEL\Semestre 5\SE\workspace\HAL\Debug\libHAL.a(timer.o)
                0x00003190                TIMER_StopwatchInit
 .text.TIMER_Stopwatch
                0x0000321c       0x5e C:\Users\carlo\Documents\ISEL\Semestre 5\SE\workspace\HAL\Debug\libHAL.a(timer.o)
                0x0000321c                TIMER_Stopwatch
 *fill*         0x0000327a        0x2 ff
 .text.SystemCoreClockUpdate
                0x0000327c       0xb8 C:\Users\carlo\Documents\ISEL\Semestre 5\SE\SE\CMSIS_CORE_LPC17XX\Debug\libCMSIS_CORE_LPC17xx.a(system_LPC17xx.o)
                0x0000327c                SystemCoreClockUpdate
 .text.SystemInit
                0x00003334       0xd8 C:\Users\carlo\Documents\ISEL\Semestre 5\SE\SE\CMSIS_CORE_LPC17XX\Debug\libCMSIS_CORE_LPC17xx.a(system_LPC17xx.o)
                0x00003334                SystemInit
 .text.__main   0x0000340c        0xe c:/nxp/mcuxpressoide_11.8.0_1165/ide/plugins/com.nxp.mcuxpresso.tools.win32_11.8.0.202306131047/tools/bin/../lib/gcc/arm-none-eabi/12.2.1/../../../../arm-none-eabi/lib/thumb/v7-m/nofp\libcr_semihost.a(_cr__main.o)
                0x0000340c                __CR_SEMIHOST
                0x0000340c                __main
 .text.memcpy   0x0000341a        0x4 c:/nxp/mcuxpressoide_11.8.0_1165/ide/plugins/com.nxp.mcuxpresso.tools.win32_11.8.0.202306131047/tools/bin/../lib/gcc/arm-none-eabi/12.2.1/../../../../arm-none-eabi/lib/thumb/v7-m/nofp\libcr_c.a(memcpy.o)
                0x0000341a                memcpy
 .text.time     0x0000341e        0xe c:/nxp/mcuxpressoide_11.8.0_1165/ide/plugins/com.nxp.mcuxpresso.tools.win32_11.8.0.202306131047/tools/bin/../lib/gcc/arm-none-eabi/12.2.1/../../../../arm-none-eabi/lib/thumb/v7-m/nofp\libcr_c.a(cr_time.o)
                0x0000341e                time
 .text.fp_round
                0x0000342c       0x4c c:/nxp/mcuxpressoide_11.8.0_1165/ide/plugins/com.nxp.mcuxpresso.tools.win32_11.8.0.202306131047/tools/bin/../lib/gcc/arm-none-eabi/12.2.1/../../../../arm-none-eabi/lib/thumb/v7-m/nofp\libcr_c.a(fpprintf.o)
 .text.pr_dec.constprop.0
                0x00003478       0x24 c:/nxp/mcuxpressoide_11.8.0_1165/ide/plugins/com.nxp.mcuxpresso.tools.win32_11.8.0.202306131047/tools/bin/../lib/gcc/arm-none-eabi/12.2.1/../../../../arm-none-eabi/lib/thumb/v7-m/nofp\libcr_c.a(fpprintf.o)
 .text.sprintf  0x0000349c       0x6c c:/nxp/mcuxpressoide_11.8.0_1165/ide/plugins/com.nxp.mcuxpresso.tools.win32_11.8.0.202306131047/tools/bin/../lib/gcc/arm-none-eabi/12.2.1/../../../../arm-none-eabi/lib/thumb/v7-m/nofp\libcr_c.a(fpprintf.o)
                0x0000349c                sprintf
 .text.fp_display
                0x00003508      0x9cc c:/nxp/mcuxpressoide_11.8.0_1165/ide/plugins/com.nxp.mcuxpresso.tools.win32_11.8.0.202306131047/tools/bin/../lib/gcc/arm-none-eabi/12.2.1/../../../../arm-none-eabi/lib/thumb/v7-m/nofp\libcr_c.a(fpprintf.o)
 .text.vsprintf
                0x00003ed4       0x5c c:/nxp/mcuxpressoide_11.8.0_1165/ide/plugins/com.nxp.mcuxpresso.tools.win32_11.8.0.202306131047/tools/bin/../lib/gcc/arm-none-eabi/12.2.1/../../../../arm-none-eabi/lib/thumb/v7-m/nofp\libcr_c.a(fpprintf.o)
                0x00003ed4                vsprintf
 .text._initio  0x00003f30       0x78 c:/nxp/mcuxpressoide_11.8.0_1165/ide/plugins/com.nxp.mcuxpresso.tools.win32_11.8.0.202306131047/tools/bin/../lib/gcc/arm-none-eabi/12.2.1/../../../../arm-none-eabi/lib/thumb/v7-m/nofp\libcr_c.a(initio.o)
                0x00003f30                _initio
 .text.__vfprintf
                0x00003fa8      0xb74 c:/nxp/mcuxpressoide_11.8.0_1165/ide/plugins/com.nxp.mcuxpresso.tools.win32_11.8.0.202306131047/tools/bin/../lib/gcc/arm-none-eabi/12.2.1/../../../../arm-none-eabi/lib/thumb/v7-m/nofp\libcr_c.a(printf.o)
                0x00003fa8                __vfprintf
 .text.setvbuf  0x00004b1c       0x3e c:/nxp/mcuxpressoide_11.8.0_1165/ide/plugins/com.nxp.mcuxpresso.tools.win32_11.8.0.202306131047/tools/bin/../lib/gcc/arm-none-eabi/12.2.1/../../../../arm-none-eabi/lib/thumb/v7-m/nofp\libcr_c.a(setvbuf.o)
                0x00004b1c                setvbuf
 .text.strlen   0x00004b5a       0x4e c:/nxp/mcuxpressoide_11.8.0_1165/ide/plugins/com.nxp.mcuxpresso.tools.win32_11.8.0.202306131047/tools/bin/../lib/gcc/arm-none-eabi/12.2.1/../../../../arm-none-eabi/lib/thumb/v7-m/nofp\libcr_c.a(strlen.o)
                0x00004b5a                strlen
 .text.memset   0x00004ba8        0x4 c:/nxp/mcuxpressoide_11.8.0_1165/ide/plugins/com.nxp.mcuxpresso.tools.win32_11.8.0.202306131047/tools/bin/../lib/gcc/arm-none-eabi/12.2.1/../../../../arm-none-eabi/lib/thumb/v7-m/nofp\libcr_c.a(memset.o)
                0x00004ba8                memset
 .text._deferredlazyseek
                0x00004bac       0x40 c:/nxp/mcuxpressoide_11.8.0_1165/ide/plugins/com.nxp.mcuxpresso.tools.win32_11.8.0.202306131047/tools/bin/../lib/gcc/arm-none-eabi/12.2.1/../../../../arm-none-eabi/lib/thumb/v7-m/nofp\libcr_c.a(_deferredlazyseek.o)
                0x00004bac                _deferredlazyseek
 .text.__flsbuf
                0x00004bec      0x140 c:/nxp/mcuxpressoide_11.8.0_1165/ide/plugins/com.nxp.mcuxpresso.tools.win32_11.8.0.202306131047/tools/bin/../lib/gcc/arm-none-eabi/12.2.1/../../../../arm-none-eabi/lib/thumb/v7-m/nofp\libcr_c.a(_deferredlazyseek.o)
                0x00004bec                __flsbuf
 .text._fdopen  0x00004d2c       0x68 c:/nxp/mcuxpressoide_11.8.0_1165/ide/plugins/com.nxp.mcuxpresso.tools.win32_11.8.0.202306131047/tools/bin/../lib/gcc/arm-none-eabi/12.2.1/../../../../arm-none-eabi/lib/thumb/v7-m/nofp\libcr_c.a(_fdopen.o)
                0x00004d2c                _fdopen
 .text._fflush  0x00004d94       0x52 c:/nxp/mcuxpressoide_11.8.0_1165/ide/plugins/com.nxp.mcuxpresso.tools.win32_11.8.0.202306131047/tools/bin/../lib/gcc/arm-none-eabi/12.2.1/../../../../arm-none-eabi/lib/thumb/v7-m/nofp\libcr_c.a(_fflush.o)
                0x00004d94                _fflush
 .text._frexpl  0x00004de6       0x5a c:/nxp/mcuxpressoide_11.8.0_1165/ide/plugins/com.nxp.mcuxpresso.tools.win32_11.8.0.202306131047/tools/bin/../lib/gcc/arm-none-eabi/12.2.1/../../../../arm-none-eabi/lib/thumb/v7-m/nofp\libcr_c.a(_frexpl.o)
                0x00004de6                _frexpl
 .text._ldexpl  0x00004e40       0x48 c:/nxp/mcuxpressoide_11.8.0_1165/ide/plugins/com.nxp.mcuxpresso.tools.win32_11.8.0.202306131047/tools/bin/../lib/gcc/arm-none-eabi/12.2.1/../../../../arm-none-eabi/lib/thumb/v7-m/nofp\libcr_c.a(_ldexpl.o)
                0x00004e40                _ldexpl
 .text._Cwritebuf
                0x00004e88       0x6c c:/nxp/mcuxpressoide_11.8.0_1165/ide/plugins/com.nxp.mcuxpresso.tools.win32_11.8.0.202306131047/tools/bin/../lib/gcc/arm-none-eabi/12.2.1/../../../../arm-none-eabi/lib/thumb/v7-m/nofp\libcr_c.a(_writebuf.o)
                0x00004e88                _Cwritebuf
 .text.malloc   0x00004ef4       0xe8 c:/nxp/mcuxpressoide_11.8.0_1165/ide/plugins/com.nxp.mcuxpresso.tools.win32_11.8.0.202306131047/tools/bin/../lib/gcc/arm-none-eabi/12.2.1/../../../../arm-none-eabi/lib/thumb/v7-m/nofp\libcr_c.a(alloc.o)
                0x00004ef4                malloc
 .text.free     0x00004fdc       0x30 c:/nxp/mcuxpressoide_11.8.0_1165/ide/plugins/com.nxp.mcuxpresso.tools.win32_11.8.0.202306131047/tools/bin/../lib/gcc/arm-none-eabi/12.2.1/../../../../arm-none-eabi/lib/thumb/v7-m/nofp\libcr_c.a(alloc.o)
                0x00004fdc                free
 .text._Csys_alloc
                0x0000500c       0x20 c:/nxp/mcuxpressoide_11.8.0_1165/ide/plugins/com.nxp.mcuxpresso.tools.win32_11.8.0.202306131047/tools/bin/../lib/gcc/arm-none-eabi/12.2.1/../../../../arm-none-eabi/lib/thumb/v7-m/nofp\libcr_c.a(alloc.o)
                0x0000500c                _Csys_alloc
 .text.fclose   0x0000502c       0x58 c:/nxp/mcuxpressoide_11.8.0_1165/ide/plugins/com.nxp.mcuxpresso.tools.win32_11.8.0.202306131047/tools/bin/../lib/gcc/arm-none-eabi/12.2.1/../../../../arm-none-eabi/lib/thumb/v7-m/nofp\libcr_c.a(fclose.o)
                0x0000502c                fclose
 .text.fflush   0x00005084       0x3c c:/nxp/mcuxpressoide_11.8.0_1165/ide/plugins/com.nxp.mcuxpresso.tools.win32_11.8.0.202306131047/tools/bin/../lib/gcc/arm-none-eabi/12.2.1/../../../../arm-none-eabi/lib/thumb/v7-m/nofp\libcr_c.a(fflush.o)
                0x00005084                fflush
 .text.fseek    0x000050c0       0xf8 c:/nxp/mcuxpressoide_11.8.0_1165/ide/plugins/com.nxp.mcuxpresso.tools.win32_11.8.0.202306131047/tools/bin/../lib/gcc/arm-none-eabi/12.2.1/../../../../arm-none-eabi/lib/thumb/v7-m/nofp\libcr_c.a(fseek.o)
                0x000050c0                fseek
 .text.ftell    0x000051b8       0x44 c:/nxp/mcuxpressoide_11.8.0_1165/ide/plugins/com.nxp.mcuxpresso.tools.win32_11.8.0.202306131047/tools/bin/../lib/gcc/arm-none-eabi/12.2.1/../../../../arm-none-eabi/lib/thumb/v7-m/nofp\libcr_c.a(ftell.o)
                0x000051b8                ftell
 .text.remove   0x000051fc       0x14 c:/nxp/mcuxpressoide_11.8.0_1165/ide/plugins/com.nxp.mcuxpresso.tools.win32_11.8.0.202306131047/tools/bin/../lib/gcc/arm-none-eabi/12.2.1/../../../../arm-none-eabi/lib/thumb/v7-m/nofp\libcr_c.a(remove.o)
                0x000051fc                remove
 .text._sbrk    0x00005210       0x3c c:/nxp/mcuxpressoide_11.8.0_1165/ide/plugins/com.nxp.mcuxpresso.tools.win32_11.8.0.202306131047/tools/bin/../lib/gcc/arm-none-eabi/12.2.1/../../../../arm-none-eabi/lib/thumb/v7-m/nofp\libcr_c.a(_cr_sbrk.o)
                0x00005210                _sbrk
 .text._do_fflush
                0x0000524c       0x40 c:/nxp/mcuxpressoide_11.8.0_1165/ide/plugins/com.nxp.mcuxpresso.tools.win32_11.8.0.202306131047/tools/bin/../lib/gcc/arm-none-eabi/12.2.1/../../../../arm-none-eabi/lib/thumb/v7-m/nofp\libcr_c.a(_do_fflush.o)
                0x0000524c                _do_fflush
 .text.__check_heap_overflow
                0x0000528c       0x18 c:/nxp/mcuxpressoide_11.8.0_1165/ide/plugins/com.nxp.mcuxpresso.tools.win32_11.8.0.202306131047/tools/bin/../lib/gcc/arm-none-eabi/12.2.1/../../../../arm-none-eabi/lib/thumb/v7-m/nofp\libcr_c.a(_cr_check_heap.o)
                0x0000528c                __check_heap_overflow
 .text.__aeabi_division_uldivmod
                0x000052a4      0x174 c:/nxp/mcuxpressoide_11.8.0_1165/ide/plugins/com.nxp.mcuxpresso.tools.win32_11.8.0.202306131047/tools/bin/../lib/gcc/arm-none-eabi/12.2.1/thumb/v7-m/nofp\libcr_eabihelpers.a(division_64.o)
                0x000052a4                __aeabi_uldivmod
                0x000052a8                __bhs_ldivmod1
 .text.__aeabi_division_idiv0
                0x00005418        0x2 c:/nxp/mcuxpressoide_11.8.0_1165/ide/plugins/com.nxp.mcuxpresso.tools.win32_11.8.0.202306131047/tools/bin/../lib/gcc/arm-none-eabi/12.2.1/thumb/v7-m/nofp\libcr_eabihelpers.a(division_idiv0.o)
                0x00005418                __aeabi_idiv0
 *fill*         0x0000541a        0x2 ff
 .text.__aeabi_dmul
                0x0000541c       0xfc c:/nxp/mcuxpressoide_11.8.0_1165/ide/plugins/com.nxp.mcuxpresso.tools.win32_11.8.0.202306131047/tools/bin/../lib/gcc/arm-none-eabi/12.2.1/thumb/v7-m/nofp\libcr_eabihelpers.a(double.o)
                0x0000541c                __aeabi_dmul
 .text.__aeabi_ddiv
                0x00005518      0x130 c:/nxp/mcuxpressoide_11.8.0_1165/ide/plugins/com.nxp.mcuxpresso.tools.win32_11.8.0.202306131047/tools/bin/../lib/gcc/arm-none-eabi/12.2.1/thumb/v7-m/nofp\libcr_eabihelpers.a(double.o)
                0x00005518                __aeabi_ddiv
 .text.__aeabi_dsub
                0x00005648      0x1b4 c:/nxp/mcuxpressoide_11.8.0_1165/ide/plugins/com.nxp.mcuxpresso.tools.win32_11.8.0.202306131047/tools/bin/../lib/gcc/arm-none-eabi/12.2.1/thumb/v7-m/nofp\libcr_eabihelpers.a(double.o)
                0x00005648                __aeabi_dsub
 .text.__aeabi_dadd
                0x000057fc      0x13c c:/nxp/mcuxpressoide_11.8.0_1165/ide/plugins/com.nxp.mcuxpresso.tools.win32_11.8.0.202306131047/tools/bin/../lib/gcc/arm-none-eabi/12.2.1/thumb/v7-m/nofp\libcr_eabihelpers.a(double.o)
                0x000057fc                __aeabi_dadd
 .text.__aeabi_d2iz
                0x00005938       0x42 c:/nxp/mcuxpressoide_11.8.0_1165/ide/plugins/com.nxp.mcuxpresso.tools.win32_11.8.0.202306131047/tools/bin/../lib/gcc/arm-none-eabi/12.2.1/thumb/v7-m/nofp\libcr_eabihelpers.a(double.o)
                0x00005938                __aeabi_d2iz
 .text.__bhs_ui2d
                0x0000597a       0x46 c:/nxp/mcuxpressoide_11.8.0_1165/ide/plugins/com.nxp.mcuxpresso.tools.win32_11.8.0.202306131047/tools/bin/../lib/gcc/arm-none-eabi/12.2.1/thumb/v7-m/nofp\libcr_eabihelpers.a(double.o)
                0x0000597a                __bhs_ui2d
 .text.__aeabi_i2d
                0x000059c0       0x10 c:/nxp/mcuxpressoide_11.8.0_1165/ide/plugins/com.nxp.mcuxpresso.tools.win32_11.8.0.202306131047/tools/bin/../lib/gcc/arm-none-eabi/12.2.1/thumb/v7-m/nofp\libcr_eabihelpers.a(double.o)
                0x000059c0                __aeabi_i2d
 .text.__aeabi_dcmpeq
                0x000059d0       0x3e c:/nxp/mcuxpressoide_11.8.0_1165/ide/plugins/com.nxp.mcuxpresso.tools.win32_11.8.0.202306131047/tools/bin/../lib/gcc/arm-none-eabi/12.2.1/thumb/v7-m/nofp\libcr_eabihelpers.a(double.o)
                0x000059d0                __aeabi_dcmpeq
 .text.__aeabi_dcmplt
                0x00005a0e       0x5a c:/nxp/mcuxpressoide_11.8.0_1165/ide/plugins/com.nxp.mcuxpresso.tools.win32_11.8.0.202306131047/tools/bin/../lib/gcc/arm-none-eabi/12.2.1/thumb/v7-m/nofp\libcr_eabihelpers.a(double.o)
                0x00005a0e                __aeabi_dcmplt
 .text.__aeabi_dcmple
                0x00005a68       0x5a c:/nxp/mcuxpressoide_11.8.0_1165/ide/plugins/com.nxp.mcuxpresso.tools.win32_11.8.0.202306131047/tools/bin/../lib/gcc/arm-none-eabi/12.2.1/thumb/v7-m/nofp\libcr_eabihelpers.a(double.o)
                0x00005a68                __aeabi_dcmple
 .text.__aeabi_dcmpge
                0x00005ac2       0x5a c:/nxp/mcuxpressoide_11.8.0_1165/ide/plugins/com.nxp.mcuxpresso.tools.win32_11.8.0.202306131047/tools/bin/../lib/gcc/arm-none-eabi/12.2.1/thumb/v7-m/nofp\libcr_eabihelpers.a(double.o)
                0x00005ac2                __aeabi_dcmpge
 .text.__aeabi_memcpy
                0x00005b1c       0x34 c:/nxp/mcuxpressoide_11.8.0_1165/ide/plugins/com.nxp.mcuxpresso.tools.win32_11.8.0.202306131047/tools/bin/../lib/gcc/arm-none-eabi/12.2.1/thumb/v7-m/nofp\libcr_eabihelpers.a(memcpy.o)
                0x00005b1c                __aeabi_memcpy
                0x00005b26                __aeabi_memcpy8
                0x00005b26                __aeabi_memcpy4
 .text.__aeabi_memset_lowlevel
                0x00005b50       0x32 c:/nxp/mcuxpressoide_11.8.0_1165/ide/plugins/com.nxp.mcuxpresso.tools.win32_11.8.0.202306131047/tools/bin/../lib/gcc/arm-none-eabi/12.2.1/thumb/v7-m/nofp\libcr_eabihelpers.a(memcpy.o)
                0x00005b50                __aeabi_lowlevel_memset
 *fill*         0x00005b82        0x2 ff
 .text.__sys_appexit
                0x00005b84        0xc c:/nxp/mcuxpressoide_11.8.0_1165/ide/plugins/com.nxp.mcuxpresso.tools.win32_11.8.0.202306131047/tools/bin/../lib/gcc/arm-none-eabi/12.2.1/../../../../arm-none-eabi/lib/thumb/v7-m/nofp\libcr_semihost.a(__sys_appexit.o)
                0x00005b84                __sys_appexit
                0x00005b84                __exit
 .text.__sys_close
                0x00005b90        0xc c:/nxp/mcuxpressoide_11.8.0_1165/ide/plugins/com.nxp.mcuxpresso.tools.win32_11.8.0.202306131047/tools/bin/../lib/gcc/arm-none-eabi/12.2.1/../../../../arm-none-eabi/lib/thumb/v7-m/nofp\libcr_semihost.a(__sys_close.o)
                0x00005b90                __sys_close
 .text.__sys_flen
                0x00005b9c        0xc c:/nxp/mcuxpressoide_11.8.0_1165/ide/plugins/com.nxp.mcuxpresso.tools.win32_11.8.0.202306131047/tools/bin/../lib/gcc/arm-none-eabi/12.2.1/../../../../arm-none-eabi/lib/thumb/v7-m/nofp\libcr_semihost.a(__sys_flen.o)
                0x00005b9c                __sys_flen
 .text.__sys_istty
                0x00005ba8        0xc c:/nxp/mcuxpressoide_11.8.0_1165/ide/plugins/com.nxp.mcuxpresso.tools.win32_11.8.0.202306131047/tools/bin/../lib/gcc/arm-none-eabi/12.2.1/../../../../arm-none-eabi/lib/thumb/v7-m/nofp\libcr_semihost.a(__sys_istty.o)
                0x00005ba8                __sys_istty
 .text.__sys_remove
                0x00005bb4        0xc c:/nxp/mcuxpressoide_11.8.0_1165/ide/plugins/com.nxp.mcuxpresso.tools.win32_11.8.0.202306131047/tools/bin/../lib/gcc/arm-none-eabi/12.2.1/../../../../arm-none-eabi/lib/thumb/v7-m/nofp\libcr_semihost.a(__sys_remove.o)
                0x00005bb4                __sys_remove
 .text.__sys_seek
                0x00005bc0        0xc c:/nxp/mcuxpressoide_11.8.0_1165/ide/plugins/com.nxp.mcuxpresso.tools.win32_11.8.0.202306131047/tools/bin/../lib/gcc/arm-none-eabi/12.2.1/../../../../arm-none-eabi/lib/thumb/v7-m/nofp\libcr_semihost.a(__sys_seek.o)
                0x00005bc0                __sys_seek
 .text.__sys_time
                0x00005bcc        0x6 c:/nxp/mcuxpressoide_11.8.0_1165/ide/plugins/com.nxp.mcuxpresso.tools.win32_11.8.0.202306131047/tools/bin/../lib/gcc/arm-none-eabi/12.2.1/../../../../arm-none-eabi/lib/thumb/v7-m/nofp\libcr_semihost.a(__sys_time.o)
                0x00005bcc                __sys_time
 .text.__sys_tmpnam
                0x00005bd2        0xc c:/nxp/mcuxpressoide_11.8.0_1165/ide/plugins/com.nxp.mcuxpresso.tools.win32_11.8.0.202306131047/tools/bin/../lib/gcc/arm-none-eabi/12.2.1/../../../../arm-none-eabi/lib/thumb/v7-m/nofp\libcr_semihost.a(__sys_tmpnam.o)
                0x00005bd2                __sys_tmpnam
 .text.__sys_write
                0x00005bde        0xc c:/nxp/mcuxpressoide_11.8.0_1165/ide/plugins/com.nxp.mcuxpresso.tools.win32_11.8.0.202306131047/tools/bin/../lib/gcc/arm-none-eabi/12.2.1/../../../../arm-none-eabi/lib/thumb/v7-m/nofp\libcr_semihost.a(__sys_write.o)
                0x00005bde                __sys_write
 *(.rodata .rodata.* .constdata .constdata.*)
 *fill*         0x00005bea        0x2 ff
 .rodata.modoNormal.str1.4
                0x00005bec       0x84 ./src/modes.o
 .rodata.modoManutencao.str1.4
                0x00005c70       0x33 ./src/modes.o
 *fill*         0x00005ca3        0x1 ff
 .rodata        0x00005ca4       0x68 ./src/modes.o
 .rodata.displayLog.str1.4
                0x00005d0c       0x24 ./src/modes.o
 .rodata.addCard.str1.4
                0x00005d30       0x2c ./src/modes.o
 .rodata.textCalendar.str1.4
                0x00005d5c       0x1f ./src/utils.o
 *fill*         0x00005d7b        0x1 ff
 .rodata        0x00005d7c       0x1c ./src/utils.o
 .rodata.textClock.str1.4
                0x00005d98        0xf ./src/utils.o
 *fill*         0x00005da7        0x1 ff
 .rodata.setDate.str1.4
                0x00005da8       0x11 ./src/utils.o
 *fill*         0x00005db9        0x3 ff
 .rodata.setClock.str1.4
                0x00005dbc        0x9 ./src/utils.o
 .rodata.fp_display.str1.1
                0x00005dc5       0x34 c:/nxp/mcuxpressoide_11.8.0_1165/ide/plugins/com.nxp.mcuxpresso.tools.win32_11.8.0.202306131047/tools/bin/../lib/gcc/arm-none-eabi/12.2.1/../../../../arm-none-eabi/lib/thumb/v7-m/nofp\libcr_c.a(fpprintf.o)
                                 0x35 (size before relaxing)
 .rodata._initio.str1.1
                0x00005df9        0x4 c:/nxp/mcuxpressoide_11.8.0_1165/ide/plugins/com.nxp.mcuxpresso.tools.win32_11.8.0.202306131047/tools/bin/../lib/gcc/arm-none-eabi/12.2.1/../../../../arm-none-eabi/lib/thumb/v7-m/nofp\libcr_c.a(initio.o)
 .rodata.__vfprintf.str1.1
                0x00005dfd       0x31 c:/nxp/mcuxpressoide_11.8.0_1165/ide/plugins/com.nxp.mcuxpresso.tools.win32_11.8.0.202306131047/tools/bin/../lib/gcc/arm-none-eabi/12.2.1/../../../../arm-none-eabi/lib/thumb/v7-m/nofp\libcr_c.a(printf.o)
                                 0x38 (size before relaxing)
 .rodata._Csys_alloc.str1.1
                0x00005e2e       0x18 c:/nxp/mcuxpressoide_11.8.0_1165/ide/plugins/com.nxp.mcuxpresso.tools.win32_11.8.0.202306131047/tools/bin/../lib/gcc/arm-none-eabi/12.2.1/../../../../arm-none-eabi/lib/thumb/v7-m/nofp\libcr_c.a(alloc.o)
 *fill*         0x00005e46        0x2 ff
 .rodata.__num_Ciob_streams
                0x00005e48        0x4 c:/nxp/mcuxpressoide_11.8.0_1165/ide/plugins/com.nxp.mcuxpresso.tools.win32_11.8.0.202306131047/tools/bin/../lib/gcc/arm-none-eabi/12.2.1/../../../../arm-none-eabi/lib/thumb/v7-m/nofp\libcr_semihost.a(__ciob.o)
                0x00005e48                __num_Ciob_streams
                0x00005e4c                . = ALIGN (0x4)

.glue_7         0x00005e4c        0x0
 .glue_7        0x00005e4c        0x0 linker stubs

.glue_7t        0x00005e4c        0x0
 .glue_7t       0x00005e4c        0x0 linker stubs

.vfp11_veneer   0x00005e4c        0x0
 .vfp11_veneer  0x00005e4c        0x0 linker stubs

.v4_bx          0x00005e4c        0x0
 .v4_bx         0x00005e4c        0x0 linker stubs

.iplt           0x00005e4c        0x0
 .iplt          0x00005e4c        0x0 ./src/Trab.o

.rel.dyn        0x00005e4c        0x0
 .rel.iplt      0x00005e4c        0x0 ./src/Trab.o

.ARM.extab
 *(.ARM.extab* .gnu.linkonce.armextab.*)

.ARM.exidx      0x00005e4c        0x0
                0x00005e4c                __exidx_start = .
 *(.ARM.exidx* .gnu.linkonce.armexidx.*)
                0x00005e4c                __exidx_end = .
                0x00005e4c                _etext = .

.data_RAM2      0x2007c000        0x0 load address 0x00005e4c
 FILL mask 0xff
                [!provide]                PROVIDE (__start_data_RAM2 = .)
                [!provide]                PROVIDE (__start_data_RamAHB32 = .)
 *(.ramfunc.$RAM2)
 *(.ramfunc.$RamAHB32)
 *(.data.$RAM2)
 *(.data.$RamAHB32)
 *(.data.$RAM2.*)
 *(.data.$RamAHB32.*)
                0x2007c000                . = ALIGN (0x4)
                [!provide]                PROVIDE (__end_data_RAM2 = .)
                [!provide]                PROVIDE (__end_data_RamAHB32 = .)

.uninit_RESERVED
                0x10000000        0x0
                0x10000000                _start_uninit_RESERVED = .
 *(.bss.$RESERVED*)
                0x10000000                . = ALIGN (0x4)
                0x10000000                _end_uninit_RESERVED = .

.data           0x10000000        0x4 load address 0x00005e4c
 FILL mask 0xff
                0x10000000                _data = .
                [!provide]                PROVIDE (__start_data_RAM = .)
                [!provide]                PROVIDE (__start_data_RamLoc32 = .)
 *(vtable)
 *(.ramfunc*)
 *(CodeQuickAccess)
 *(DataQuickAccess)
 *(RamFunction)
 *(.data*)
 .data.SystemCoreClock
                0x10000000        0x4 C:\Users\carlo\Documents\ISEL\Semestre 5\SE\SE\CMSIS_CORE_LPC17XX\Debug\libCMSIS_CORE_LPC17xx.a(system_LPC17xx.o)
                0x10000000                SystemCoreClock
                0x10000004                . = ALIGN (0x4)
                0x10000004                _edata = .
                [!provide]                PROVIDE (__end_data_RAM = .)
                [!provide]                PROVIDE (__end_data_RamLoc32 = .)

.igot.plt       0x10000004        0x0 load address 0x00005e50
 .igot.plt      0x10000004        0x0 ./src/Trab.o

.bss_RAM2       0x2007c000        0x0
                [!provide]                PROVIDE (__start_bss_RAM2 = .)
                [!provide]                PROVIDE (__start_bss_RamAHB32 = .)
 *(.bss.$RAM2)
 *(.bss.$RamAHB32)
 *(.bss.$RAM2.*)
 *(.bss.$RamAHB32.*)
                0x2007c000                . = ALIGN ((. != 0x0)?0x4:0x1)
                [!provide]                PROVIDE (__end_bss_RAM2 = .)
                [!provide]                PROVIDE (__end_bss_RamAHB32 = .)

.bss            0x10000004     0x1b9c
                0x10000004                _bss = .
                [!provide]                PROVIDE (__start_bss_RAM = .)
                [!provide]                PROVIDE (__start_bss_RamLoc32 = .)
 *(.bss*)
 .bss.authCardsCount
                0x10000004        0x4 ./src/modes.o
                0x10000004                authCardsCount
 .bss.logsCount
                0x10000008        0x4 ./src/modes.o
                0x10000008                logsCount
 .bss.authCards
                0x1000000c      0x500 ./src/modes.o
                0x1000000c                authCards
 .bss.logs      0x1000050c     0x1450 ./src/modes.o
                0x1000050c                logs
 .bss.LockerState
                0x1000195c        0x1 ./src/modes.o
                0x1000195c                LockerState
 *fill*         0x1000195d        0x3 
 .bss.currentAllowedCard
                0x10001960        0xc ./src/modes.o
                0x10001960                currentAllowedCard
 .bss.readCard  0x1000196c        0xc ./src/modes.o
                0x1000196c                readCard
 .bss.blink     0x10001978        0x4 ./src/utils.o
 .bss.blinkToggle
                0x1000197c        0x1 ./src/utils.o
 *fill*         0x1000197d        0x3 
 .bss.cursor    0x10001980        0x4 ./src/utils.o
 .bss.state     0x10001984        0x4 ./src/utils.o
 .bss.uid       0x10001988        0xc C:\Users\carlo\Documents\ISEL\Semestre 5\SE\workspace\MFRC522\Release\libMFRC522.a(mfrc522.o)
                0x10001988                uid
 .bss.delta     0x10001994        0x4 C:\Users\carlo\Documents\ISEL\Semestre 5\SE\workspace\DRIVERS\Debug\libDRIVERS.a(ENCODER.o)
 .bss.last      0x10001998        0x4 C:\Users\carlo\Documents\ISEL\Semestre 5\SE\workspace\DRIVERS\Debug\libDRIVERS.a(ENCODER.o)
 .bss.lastButtonCheck
                0x1000199c        0x4 C:\Users\carlo\Documents\ISEL\Semestre 5\SE\workspace\DRIVERS\Debug\libDRIVERS.a(ENCODER.o)
 .bss.keyDownTicks
                0x100019a0        0x4 C:\Users\carlo\Documents\ISEL\Semestre 5\SE\workspace\DRIVERS\Debug\libDRIVERS.a(ENCODER.o)
 .bss.doubleClickTicks
                0x100019a4        0x4 C:\Users\carlo\Documents\ISEL\Semestre 5\SE\workspace\DRIVERS\Debug\libDRIVERS.a(ENCODER.o)
 .bss.button    0x100019a8        0x1 C:\Users\carlo\Documents\ISEL\Semestre 5\SE\workspace\DRIVERS\Debug\libDRIVERS.a(ENCODER.o)
 *fill*         0x100019a9        0x3 
 .bss.__tick    0x100019ac        0x4 C:\Users\carlo\Documents\ISEL\Semestre 5\SE\workspace\HAL\Debug\libHAL.a(SYSTICK.o)
 .bss.ritHandler
                0x100019b0        0x4 C:\Users\carlo\Documents\ISEL\Semestre 5\SE\workspace\HAL\Debug\libHAL.a(timer.o)
 .bss.errno     0x100019b4        0x4 c:/nxp/mcuxpressoide_11.8.0_1165/ide/plugins/com.nxp.mcuxpresso.tools.win32_11.8.0.202306131047/tools/bin/../lib/gcc/arm-none-eabi/12.2.1/../../../../arm-none-eabi/lib/thumb/v7-m/nofp\libcr_c.a(errno.o)
                0x100019b4                errno
 .bss.__end_of_heap
                0x100019b8        0x4 c:/nxp/mcuxpressoide_11.8.0_1165/ide/plugins/com.nxp.mcuxpresso.tools.win32_11.8.0.202306131047/tools/bin/../lib/gcc/arm-none-eabi/12.2.1/../../../../arm-none-eabi/lib/thumb/v7-m/nofp\libcr_c.a(__init_alloc.o)
                0x100019b8                __end_of_heap
 .bss.__heaps   0x100019bc        0x4 c:/nxp/mcuxpressoide_11.8.0_1165/ide/plugins/com.nxp.mcuxpresso.tools.win32_11.8.0.202306131047/tools/bin/../lib/gcc/arm-none-eabi/12.2.1/../../../../arm-none-eabi/lib/thumb/v7-m/nofp\libcr_c.a(__init_alloc.o)
                0x100019bc                __heaps
 .bss.__Ciob    0x100019c0      0x1e0 c:/nxp/mcuxpressoide_11.8.0_1165/ide/plugins/com.nxp.mcuxpresso.tools.win32_11.8.0.202306131047/tools/bin/../lib/gcc/arm-none-eabi/12.2.1/../../../../arm-none-eabi/lib/thumb/v7-m/nofp\libcr_semihost.a(__ciob.o)
                0x100019c0                __Ciob
 *(COMMON)
                0x10001ba0                . = ALIGN (0x4)
                0x10001ba0                _ebss = .
                [!provide]                PROVIDE (__end_bss_RAM = .)
                [!provide]                PROVIDE (__end_bss_RamLoc32 = .)
                [!provide]                PROVIDE (end = .)

.noinit_RAM2    0x2007c000        0x0
                [!provide]                PROVIDE (__start_noinit_RAM2 = .)
                [!provide]                PROVIDE (__start_noinit_RamAHB32 = .)
 *(.noinit.$RAM2)
 *(.noinit.$RamAHB32)
 *(.noinit.$RAM2.*)
 *(.noinit.$RamAHB32.*)
                0x2007c000                . = ALIGN (0x4)
                [!provide]                PROVIDE (__end_noinit_RAM2 = .)
                [!provide]                PROVIDE (__end_noinit_RamAHB32 = .)

.noinit         0x10001ba0        0x0
                0x10001ba0                _noinit = .
                [!provide]                PROVIDE (__start_noinit_RAM = .)
                [!provide]                PROVIDE (__start_noinit_RamLoc32 = .)
 *(.noinit*)
                0x10001ba0                . = ALIGN (0x4)
                0x10001ba0                _end_noinit = .
                [!provide]                PROVIDE (__end_noinit_RAM = .)
                [!provide]                PROVIDE (__end_noinit_RamLoc32 = .)
                0x10001ba0                PROVIDE (_pvHeapStart = DEFINED (__user_heap_base)?__user_heap_base:.)
                0x10008000                PROVIDE (_vStackTop = DEFINED (__user_stack_top)?__user_stack_top:(__top_RamLoc32 - 0x0))
                0xefff749e                PROVIDE (__valid_user_code_checksum = (0x0 - ((((((_vStackTop + (ResetISR + 0x1)) + (NMI_Handler + 0x1)) + (HardFault_Handler + 0x1)) + (DEFINED (MemManage_Handler)?MemManage_Handler:0x0 + 0x1)) + (DEFINED (BusFault_Handler)?BusFault_Handler:0x0 + 0x1)) + (DEFINED (UsageFault_Handler)?UsageFault_Handler:0x0 + 0x1))))
                0x00000000                _image_start = LOADADDR (.text)
                0x00005e50                _image_end = (LOADADDR (.data) + SIZEOF (.data))
                0x00005e50                _image_size = (_image_end - _image_start)
OUTPUT(Trab.axf elf32-littlearm)
LOAD linker stubs

.debug_info     0x00000000     0x5208
 .debug_info    0x00000000      0x234 ./src/Trab.o
 .debug_info    0x00000234      0x278 ./src/cr_startup_lpc175x_6x.o
 .debug_info    0x000004ac       0x41 ./src/crp.o
 .debug_info    0x000004ed      0xafa ./src/modes.o
 .debug_info    0x00000fe7      0x3d8 ./src/utils.o
 .debug_info    0x000013bf      0x185 C:\Users\carlo\Documents\ISEL\Semestre 5\SE\workspace\DRIVERS\Debug\libDRIVERS.a(DELAY.o)
 .debug_info    0x00001544      0x420 C:\Users\carlo\Documents\ISEL\Semestre 5\SE\workspace\DRIVERS\Debug\libDRIVERS.a(DRIVERS_MFRC522.o)
 .debug_info    0x00001964      0x536 C:\Users\carlo\Documents\ISEL\Semestre 5\SE\workspace\DRIVERS\Debug\libDRIVERS.a(ENCODER.o)
 .debug_info    0x00001e9a      0x556 C:\Users\carlo\Documents\ISEL\Semestre 5\SE\workspace\DRIVERS\Debug\libDRIVERS.a(LCD.o)
 .debug_info    0x000023f0      0x39f C:\Users\carlo\Documents\ISEL\Semestre 5\SE\workspace\DRIVERS\Debug\libDRIVERS.a(LED.o)
 .debug_info    0x0000278f      0x1d5 C:\Users\carlo\Documents\ISEL\Semestre 5\SE\workspace\DRIVERS\Debug\libDRIVERS.a(RTC.o)
 .debug_info    0x00002964      0x564 C:\Users\carlo\Documents\ISEL\Semestre 5\SE\workspace\HAL\Debug\libHAL.a(SYSTICK.o)
 .debug_info    0x00002ec8      0x6e0 C:\Users\carlo\Documents\ISEL\Semestre 5\SE\workspace\HAL\Debug\libHAL.a(pin.o)
 .debug_info    0x000035a8      0x4aa C:\Users\carlo\Documents\ISEL\Semestre 5\SE\workspace\HAL\Debug\libHAL.a(pinconfig.o)
 .debug_info    0x00003a52      0x691 C:\Users\carlo\Documents\ISEL\Semestre 5\SE\workspace\HAL\Debug\libHAL.a(rtcHal.o)
 .debug_info    0x000040e3      0x61a C:\Users\carlo\Documents\ISEL\Semestre 5\SE\workspace\HAL\Debug\libHAL.a(spi.o)
 .debug_info    0x000046fd      0x7fd C:\Users\carlo\Documents\ISEL\Semestre 5\SE\workspace\HAL\Debug\libHAL.a(timer.o)
 .debug_info    0x00004efa      0x30e C:\Users\carlo\Documents\ISEL\Semestre 5\SE\SE\CMSIS_CORE_LPC17XX\Debug\libCMSIS_CORE_LPC17xx.a(system_LPC17xx.o)

.debug_abbrev   0x00000000     0x1933
 .debug_abbrev  0x00000000      0x124 ./src/Trab.o
 .debug_abbrev  0x00000124      0x152 ./src/cr_startup_lpc175x_6x.o
 .debug_abbrev  0x00000276       0x37 ./src/crp.o
 .debug_abbrev  0x000002ad      0x2e4 ./src/modes.o
 .debug_abbrev  0x00000591      0x188 ./src/utils.o
 .debug_abbrev  0x00000719      0x15c C:\Users\carlo\Documents\ISEL\Semestre 5\SE\workspace\DRIVERS\Debug\libDRIVERS.a(DELAY.o)
 .debug_abbrev  0x00000875      0x114 C:\Users\carlo\Documents\ISEL\Semestre 5\SE\workspace\DRIVERS\Debug\libDRIVERS.a(DRIVERS_MFRC522.o)
 .debug_abbrev  0x00000989      0x1a0 C:\Users\carlo\Documents\ISEL\Semestre 5\SE\workspace\DRIVERS\Debug\libDRIVERS.a(ENCODER.o)
 .debug_abbrev  0x00000b29      0x199 C:\Users\carlo\Documents\ISEL\Semestre 5\SE\workspace\DRIVERS\Debug\libDRIVERS.a(LCD.o)
 .debug_abbrev  0x00000cc2       0xeb C:\Users\carlo\Documents\ISEL\Semestre 5\SE\workspace\DRIVERS\Debug\libDRIVERS.a(LED.o)
 .debug_abbrev  0x00000dad      0x114 C:\Users\carlo\Documents\ISEL\Semestre 5\SE\workspace\DRIVERS\Debug\libDRIVERS.a(RTC.o)
 .debug_abbrev  0x00000ec1      0x1cf C:\Users\carlo\Documents\ISEL\Semestre 5\SE\workspace\HAL\Debug\libHAL.a(SYSTICK.o)
 .debug_abbrev  0x00001090      0x13d C:\Users\carlo\Documents\ISEL\Semestre 5\SE\workspace\HAL\Debug\libHAL.a(pin.o)
 .debug_abbrev  0x000011cd       0xfb C:\Users\carlo\Documents\ISEL\Semestre 5\SE\workspace\HAL\Debug\libHAL.a(pinconfig.o)
 .debug_abbrev  0x000012c8      0x148 C:\Users\carlo\Documents\ISEL\Semestre 5\SE\workspace\HAL\Debug\libHAL.a(rtcHal.o)
 .debug_abbrev  0x00001410      0x191 C:\Users\carlo\Documents\ISEL\Semestre 5\SE\workspace\HAL\Debug\libHAL.a(spi.o)
 .debug_abbrev  0x000015a1      0x285 C:\Users\carlo\Documents\ISEL\Semestre 5\SE\workspace\HAL\Debug\libHAL.a(timer.o)
 .debug_abbrev  0x00001826      0x10d C:\Users\carlo\Documents\ISEL\Semestre 5\SE\SE\CMSIS_CORE_LPC17XX\Debug\libCMSIS_CORE_LPC17xx.a(system_LPC17xx.o)

.debug_aranges  0x00000000      0x4c0
 .debug_aranges
                0x00000000       0x20 ./src/Trab.o
 .debug_aranges
                0x00000020       0x80 ./src/cr_startup_lpc175x_6x.o
 .debug_aranges
                0x000000a0       0x18 ./src/crp.o
 .debug_aranges
                0x000000b8       0x78 ./src/modes.o
 .debug_aranges
                0x00000130       0x40 ./src/utils.o
 .debug_aranges
                0x00000170       0x40 C:\Users\carlo\Documents\ISEL\Semestre 5\SE\workspace\DRIVERS\Debug\libDRIVERS.a(DELAY.o)
 .debug_aranges
                0x000001b0       0x40 C:\Users\carlo\Documents\ISEL\Semestre 5\SE\workspace\DRIVERS\Debug\libDRIVERS.a(DRIVERS_MFRC522.o)
 .debug_aranges
                0x000001f0       0x48 C:\Users\carlo\Documents\ISEL\Semestre 5\SE\workspace\DRIVERS\Debug\libDRIVERS.a(ENCODER.o)
 .debug_aranges
                0x00000238       0x68 C:\Users\carlo\Documents\ISEL\Semestre 5\SE\workspace\DRIVERS\Debug\libDRIVERS.a(LCD.o)
 .debug_aranges
                0x000002a0       0x40 C:\Users\carlo\Documents\ISEL\Semestre 5\SE\workspace\DRIVERS\Debug\libDRIVERS.a(LED.o)
 .debug_aranges
                0x000002e0       0x40 C:\Users\carlo\Documents\ISEL\Semestre 5\SE\workspace\DRIVERS\Debug\libDRIVERS.a(RTC.o)
 .debug_aranges
                0x00000320       0x40 C:\Users\carlo\Documents\ISEL\Semestre 5\SE\workspace\HAL\Debug\libHAL.a(SYSTICK.o)
 .debug_aranges
                0x00000360       0x38 C:\Users\carlo\Documents\ISEL\Semestre 5\SE\workspace\HAL\Debug\libHAL.a(pin.o)
 .debug_aranges
                0x00000398       0x20 C:\Users\carlo\Documents\ISEL\Semestre 5\SE\workspace\HAL\Debug\libHAL.a(pinconfig.o)
 .debug_aranges
                0x000003b8       0x40 C:\Users\carlo\Documents\ISEL\Semestre 5\SE\workspace\HAL\Debug\libHAL.a(rtcHal.o)
 .debug_aranges
                0x000003f8       0x30 C:\Users\carlo\Documents\ISEL\Semestre 5\SE\workspace\HAL\Debug\libHAL.a(spi.o)
 .debug_aranges
                0x00000428       0x70 C:\Users\carlo\Documents\ISEL\Semestre 5\SE\workspace\HAL\Debug\libHAL.a(timer.o)
 .debug_aranges
                0x00000498       0x28 C:\Users\carlo\Documents\ISEL\Semestre 5\SE\SE\CMSIS_CORE_LPC17XX\Debug\libCMSIS_CORE_LPC17xx.a(system_LPC17xx.o)

.debug_rnglists
                0x00000000      0x35a
 .debug_rnglists
                0x00000000       0x14 ./src/Trab.o
 .debug_rnglists
                0x00000014       0x5b ./src/cr_startup_lpc175x_6x.o
 .debug_rnglists
                0x0000006f       0x5b ./src/modes.o
 .debug_rnglists
                0x000000ca       0x4e ./src/utils.o
 .debug_rnglists
                0x00000118       0x2b C:\Users\carlo\Documents\ISEL\Semestre 5\SE\workspace\DRIVERS\Debug\libDRIVERS.a(DELAY.o)
 .debug_rnglists
                0x00000143       0x2b C:\Users\carlo\Documents\ISEL\Semestre 5\SE\workspace\DRIVERS\Debug\libDRIVERS.a(DRIVERS_MFRC522.o)
 .debug_rnglists
                0x0000016e       0x32 C:\Users\carlo\Documents\ISEL\Semestre 5\SE\workspace\DRIVERS\Debug\libDRIVERS.a(ENCODER.o)
 .debug_rnglists
                0x000001a0       0x4b C:\Users\carlo\Documents\ISEL\Semestre 5\SE\workspace\DRIVERS\Debug\libDRIVERS.a(LCD.o)
 .debug_rnglists
                0x000001eb       0x2b C:\Users\carlo\Documents\ISEL\Semestre 5\SE\workspace\DRIVERS\Debug\libDRIVERS.a(LED.o)
 .debug_rnglists
                0x00000216       0x2b C:\Users\carlo\Documents\ISEL\Semestre 5\SE\workspace\DRIVERS\Debug\libDRIVERS.a(RTC.o)
 .debug_rnglists
                0x00000241       0x2b C:\Users\carlo\Documents\ISEL\Semestre 5\SE\workspace\HAL\Debug\libHAL.a(SYSTICK.o)
 .debug_rnglists
                0x0000026c       0x25 C:\Users\carlo\Documents\ISEL\Semestre 5\SE\workspace\HAL\Debug\libHAL.a(pin.o)
 .debug_rnglists
                0x00000291       0x13 C:\Users\carlo\Documents\ISEL\Semestre 5\SE\workspace\HAL\Debug\libHAL.a(pinconfig.o)
 .debug_rnglists
                0x000002a4       0x2b C:\Users\carlo\Documents\ISEL\Semestre 5\SE\workspace\HAL\Debug\libHAL.a(rtcHal.o)
 .debug_rnglists
                0x000002cf       0x20 C:\Users\carlo\Documents\ISEL\Semestre 5\SE\workspace\HAL\Debug\libHAL.a(spi.o)
 .debug_rnglists
                0x000002ef       0x50 C:\Users\carlo\Documents\ISEL\Semestre 5\SE\workspace\HAL\Debug\libHAL.a(timer.o)
 .debug_rnglists
                0x0000033f       0x1b C:\Users\carlo\Documents\ISEL\Semestre 5\SE\SE\CMSIS_CORE_LPC17XX\Debug\libCMSIS_CORE_LPC17xx.a(system_LPC17xx.o)

.debug_macro    0x00000000     0x5883
 .debug_macro   0x00000000      0x1a4 ./src/Trab.o
 .debug_macro   0x000001a4      0xaba ./src/Trab.o
 .debug_macro   0x00000c5e       0x1c ./src/Trab.o
 .debug_macro   0x00000c7a       0x3a ./src/Trab.o
 .debug_macro   0x00000cb4       0x10 ./src/Trab.o
 .debug_macro   0x00000cc4      0x12e ./src/Trab.o
 .debug_macro   0x00000df2      0x5b3 ./src/Trab.o
 .debug_macro   0x000013a5       0x2d ./src/Trab.o
 .debug_macro   0x000013d2      0xbb1 ./src/Trab.o
 .debug_macro   0x00001f83      0x2c7 ./src/Trab.o
 .debug_macro   0x0000224a       0x82 ./src/Trab.o
 .debug_macro   0x000022cc       0x22 ./src/Trab.o
 .debug_macro   0x000022ee       0xa0 ./src/Trab.o
 .debug_macro   0x0000238e       0x22 ./src/Trab.o
 .debug_macro   0x000023b0       0x82 ./src/Trab.o
 .debug_macro   0x00002432       0x22 ./src/Trab.o
 .debug_macro   0x00002454       0x10 ./src/Trab.o
 .debug_macro   0x00002464       0x22 ./src/Trab.o
 .debug_macro   0x00002486       0x1f ./src/Trab.o
 .debug_macro   0x000024a5       0x22 ./src/Trab.o
 .debug_macro   0x000024c7       0x2e ./src/Trab.o
 .debug_macro   0x000024f5       0x34 ./src/Trab.o
 .debug_macro   0x00002529       0x4c ./src/Trab.o
 .debug_macro   0x00002575       0x52 ./src/Trab.o
 .debug_macro   0x000025c7       0x16 ./src/Trab.o
 .debug_macro   0x000025dd       0x34 ./src/Trab.o
 .debug_macro   0x00002611       0x1d ./src/cr_startup_lpc175x_6x.o
 .debug_macro   0x0000262e       0x1a ./src/crp.o
 .debug_macro   0x00002648       0x34 ./src/crp.o
 .debug_macro   0x0000267c      0x19b ./src/modes.o
 .debug_macro   0x00002817       0x1c ./src/modes.o
 .debug_macro   0x00002833      0x13c ./src/utils.o
 .debug_macro   0x0000296f       0x19 ./src/utils.o
 .debug_macro   0x00002988       0x28 ./src/utils.o
 .debug_macro   0x000029b0       0xaa C:\Users\carlo\Documents\ISEL\Semestre 5\SE\workspace\DRIVERS\Debug\libDRIVERS.a(DELAY.o)
 .debug_macro   0x00002a5a      0xac0 C:\Users\carlo\Documents\ISEL\Semestre 5\SE\workspace\DRIVERS\Debug\libDRIVERS.a(DELAY.o)
 .debug_macro   0x0000351a       0x28 C:\Users\carlo\Documents\ISEL\Semestre 5\SE\workspace\DRIVERS\Debug\libDRIVERS.a(DELAY.o)
 .debug_macro   0x00003542       0xc0 C:\Users\carlo\Documents\ISEL\Semestre 5\SE\workspace\DRIVERS\Debug\libDRIVERS.a(DRIVERS_MFRC522.o)
 .debug_macro   0x00003602       0xd0 C:\Users\carlo\Documents\ISEL\Semestre 5\SE\workspace\DRIVERS\Debug\libDRIVERS.a(ENCODER.o)
 .debug_macro   0x000036d2       0xbe C:\Users\carlo\Documents\ISEL\Semestre 5\SE\workspace\DRIVERS\Debug\libDRIVERS.a(LCD.o)
 .debug_macro   0x00003790       0x1c C:\Users\carlo\Documents\ISEL\Semestre 5\SE\workspace\DRIVERS\Debug\libDRIVERS.a(LCD.o)
 .debug_macro   0x000037ac       0xac C:\Users\carlo\Documents\ISEL\Semestre 5\SE\workspace\DRIVERS\Debug\libDRIVERS.a(LED.o)
 .debug_macro   0x00003858       0xdc C:\Users\carlo\Documents\ISEL\Semestre 5\SE\workspace\DRIVERS\Debug\libDRIVERS.a(RTC.o)
 .debug_macro   0x00003934       0x82 C:\Users\carlo\Documents\ISEL\Semestre 5\SE\workspace\HAL\Debug\libHAL.a(SYSTICK.o)
 .debug_macro   0x000039b6      0xaba C:\Users\carlo\Documents\ISEL\Semestre 5\SE\workspace\HAL\Debug\libHAL.a(SYSTICK.o)
 .debug_macro   0x00004470       0x96 C:\Users\carlo\Documents\ISEL\Semestre 5\SE\workspace\HAL\Debug\libHAL.a(pin.o)
 .debug_macro   0x00004506       0xa5 C:\Users\carlo\Documents\ISEL\Semestre 5\SE\workspace\HAL\Debug\libHAL.a(pinconfig.o)
 .debug_macro   0x000045ab       0x99 C:\Users\carlo\Documents\ISEL\Semestre 5\SE\workspace\HAL\Debug\libHAL.a(rtcHal.o)
 .debug_macro   0x00004644       0x10 C:\Users\carlo\Documents\ISEL\Semestre 5\SE\workspace\HAL\Debug\libHAL.a(rtcHal.o)
 .debug_macro   0x00004654       0x1c C:\Users\carlo\Documents\ISEL\Semestre 5\SE\workspace\HAL\Debug\libHAL.a(rtcHal.o)
 .debug_macro   0x00004670       0xb2 C:\Users\carlo\Documents\ISEL\Semestre 5\SE\workspace\HAL\Debug\libHAL.a(spi.o)
 .debug_macro   0x00004722       0x4c C:\Users\carlo\Documents\ISEL\Semestre 5\SE\workspace\HAL\Debug\libHAL.a(spi.o)
 .debug_macro   0x0000476e       0xba C:\Users\carlo\Documents\ISEL\Semestre 5\SE\workspace\HAL\Debug\libHAL.a(timer.o)
 .debug_macro   0x00004828      0x154 C:\Users\carlo\Documents\ISEL\Semestre 5\SE\SE\CMSIS_CORE_LPC17XX\Debug\libCMSIS_CORE_LPC17xx.a(system_LPC17xx.o)
 .debug_macro   0x0000497c      0xaba C:\Users\carlo\Documents\ISEL\Semestre 5\SE\SE\CMSIS_CORE_LPC17XX\Debug\libCMSIS_CORE_LPC17xx.a(system_LPC17xx.o)
 .debug_macro   0x00005436       0x22 C:\Users\carlo\Documents\ISEL\Semestre 5\SE\SE\CMSIS_CORE_LPC17XX\Debug\libCMSIS_CORE_LPC17xx.a(system_LPC17xx.o)
 .debug_macro   0x00005458       0x8e C:\Users\carlo\Documents\ISEL\Semestre 5\SE\SE\CMSIS_CORE_LPC17XX\Debug\libCMSIS_CORE_LPC17xx.a(system_LPC17xx.o)
 .debug_macro   0x000054e6       0x51 C:\Users\carlo\Documents\ISEL\Semestre 5\SE\SE\CMSIS_CORE_LPC17XX\Debug\libCMSIS_CORE_LPC17xx.a(system_LPC17xx.o)
 .debug_macro   0x00005537      0x103 C:\Users\carlo\Documents\ISEL\Semestre 5\SE\SE\CMSIS_CORE_LPC17XX\Debug\libCMSIS_CORE_LPC17xx.a(system_LPC17xx.o)
 .debug_macro   0x0000563a       0x6a C:\Users\carlo\Documents\ISEL\Semestre 5\SE\SE\CMSIS_CORE_LPC17XX\Debug\libCMSIS_CORE_LPC17xx.a(system_LPC17xx.o)
 .debug_macro   0x000056a4      0x1df C:\Users\carlo\Documents\ISEL\Semestre 5\SE\SE\CMSIS_CORE_LPC17XX\Debug\libCMSIS_CORE_LPC17xx.a(system_LPC17xx.o)

.debug_line     0x00000000     0x4a40
 .debug_line    0x00000000      0x4d9 ./src/Trab.o
 .debug_line    0x000004d9      0x162 ./src/cr_startup_lpc175x_6x.o
 .debug_line    0x0000063b       0xb1 ./src/crp.o
 .debug_line    0x000006ec      0xd8f ./src/modes.o
 .debug_line    0x0000147b      0x709 ./src/utils.o
 .debug_line    0x00001b84      0x339 C:\Users\carlo\Documents\ISEL\Semestre 5\SE\workspace\DRIVERS\Debug\libDRIVERS.a(DELAY.o)
 .debug_line    0x00001ebd      0x39a C:\Users\carlo\Documents\ISEL\Semestre 5\SE\workspace\DRIVERS\Debug\libDRIVERS.a(DRIVERS_MFRC522.o)
 .debug_line    0x00002257      0x422 C:\Users\carlo\Documents\ISEL\Semestre 5\SE\workspace\DRIVERS\Debug\libDRIVERS.a(ENCODER.o)
 .debug_line    0x00002679      0x452 C:\Users\carlo\Documents\ISEL\Semestre 5\SE\workspace\DRIVERS\Debug\libDRIVERS.a(LCD.o)
 .debug_line    0x00002acb      0x32f C:\Users\carlo\Documents\ISEL\Semestre 5\SE\workspace\DRIVERS\Debug\libDRIVERS.a(LED.o)
 .debug_line    0x00002dfa      0x341 C:\Users\carlo\Documents\ISEL\Semestre 5\SE\workspace\DRIVERS\Debug\libDRIVERS.a(RTC.o)
 .debug_line    0x0000313b      0x316 C:\Users\carlo\Documents\ISEL\Semestre 5\SE\workspace\HAL\Debug\libHAL.a(SYSTICK.o)
 .debug_line    0x00003451      0x306 C:\Users\carlo\Documents\ISEL\Semestre 5\SE\workspace\HAL\Debug\libHAL.a(pin.o)
 .debug_line    0x00003757      0x2a2 C:\Users\carlo\Documents\ISEL\Semestre 5\SE\workspace\HAL\Debug\libHAL.a(pinconfig.o)
 .debug_line    0x000039f9      0x34f C:\Users\carlo\Documents\ISEL\Semestre 5\SE\workspace\HAL\Debug\libHAL.a(rtcHal.o)
 .debug_line    0x00003d48      0x323 C:\Users\carlo\Documents\ISEL\Semestre 5\SE\workspace\HAL\Debug\libHAL.a(spi.o)
 .debug_line    0x0000406b      0x448 C:\Users\carlo\Documents\ISEL\Semestre 5\SE\workspace\HAL\Debug\libHAL.a(timer.o)
 .debug_line    0x000044b3      0x58d C:\Users\carlo\Documents\ISEL\Semestre 5\SE\SE\CMSIS_CORE_LPC17XX\Debug\libCMSIS_CORE_LPC17xx.a(system_LPC17xx.o)

.debug_str      0x00000000     0xd8ef
 .debug_str     0x00000000     0xacf9 ./src/Trab.o
                               0xada4 (size before relaxing)
 .debug_str     0x0000acf9      0x1fa ./src/cr_startup_lpc175x_6x.o
                               0x2fff (size before relaxing)
 .debug_str     0x0000aef3       0xe9 ./src/crp.o
                               0x2ee8 (size before relaxing)
 .debug_str     0x0000afdc      0x46d ./src/modes.o
                               0xad29 (size before relaxing)
 .debug_str     0x0000b449       0xec ./src/utils.o
                               0xa597 (size before relaxing)
 .debug_str     0x0000b535       0xfb C:\Users\carlo\Documents\ISEL\Semestre 5\SE\workspace\DRIVERS\Debug\libDRIVERS.a(DELAY.o)
                               0x9fca (size before relaxing)
 .debug_str     0x0000b630      0x40d C:\Users\carlo\Documents\ISEL\Semestre 5\SE\workspace\DRIVERS\Debug\libDRIVERS.a(DRIVERS_MFRC522.o)
                               0xa34c (size before relaxing)
 .debug_str     0x0000ba3d      0x167 C:\Users\carlo\Documents\ISEL\Semestre 5\SE\workspace\DRIVERS\Debug\libDRIVERS.a(ENCODER.o)
                               0xa539 (size before relaxing)
 .debug_str     0x0000bba4      0x111 C:\Users\carlo\Documents\ISEL\Semestre 5\SE\workspace\DRIVERS\Debug\libDRIVERS.a(LCD.o)
                               0xa4f0 (size before relaxing)
 .debug_str     0x0000bcb5       0x25 C:\Users\carlo\Documents\ISEL\Semestre 5\SE\workspace\DRIVERS\Debug\libDRIVERS.a(LED.o)
                               0xa2a2 (size before relaxing)
 .debug_str     0x0000bcda       0x5c C:\Users\carlo\Documents\ISEL\Semestre 5\SE\workspace\DRIVERS\Debug\libDRIVERS.a(RTC.o)
                               0xa095 (size before relaxing)
 .debug_str     0x0000bd36      0x367 C:\Users\carlo\Documents\ISEL\Semestre 5\SE\workspace\HAL\Debug\libHAL.a(SYSTICK.o)
                               0xa15a (size before relaxing)
 .debug_str     0x0000c09d      0x172 C:\Users\carlo\Documents\ISEL\Semestre 5\SE\workspace\HAL\Debug\libHAL.a(pin.o)
                               0xa34d (size before relaxing)
 .debug_str     0x0000c20f      0x13f C:\Users\carlo\Documents\ISEL\Semestre 5\SE\workspace\HAL\Debug\libHAL.a(pinconfig.o)
                               0xa352 (size before relaxing)
 .debug_str     0x0000c34e      0x253 C:\Users\carlo\Documents\ISEL\Semestre 5\SE\workspace\HAL\Debug\libHAL.a(rtcHal.o)
                               0xa1a3 (size before relaxing)
 .debug_str     0x0000c5a1       0x4a C:\Users\carlo\Documents\ISEL\Semestre 5\SE\workspace\HAL\Debug\libHAL.a(spi.o)
                               0xa457 (size before relaxing)
 .debug_str     0x0000c5eb      0x14a C:\Users\carlo\Documents\ISEL\Semestre 5\SE\workspace\HAL\Debug\libHAL.a(timer.o)
                               0xa402 (size before relaxing)
 .debug_str     0x0000c735     0x11ba C:\Users\carlo\Documents\ISEL\Semestre 5\SE\SE\CMSIS_CORE_LPC17XX\Debug\libCMSIS_CORE_LPC17xx.a(system_LPC17xx.o)
                               0x9a72 (size before relaxing)

.comment        0x00000000       0x45
 .comment       0x00000000       0x45 ./src/Trab.o
                                 0x46 (size before relaxing)
 .comment       0x00000045       0x46 ./src/cr_startup_lpc175x_6x.o
 .comment       0x00000045       0x46 ./src/crp.o
 .comment       0x00000045       0x46 ./src/modes.o
 .comment       0x00000045       0x46 ./src/utils.o
 .comment       0x00000045       0x46 C:\Users\carlo\Documents\ISEL\Semestre 5\SE\workspace\MFRC522\Release\libMFRC522.a(mfrc522.o)
 .comment       0x00000045       0x46 C:\Users\carlo\Documents\ISEL\Semestre 5\SE\workspace\DRIVERS\Debug\libDRIVERS.a(DELAY.o)
 .comment       0x00000045       0x46 C:\Users\carlo\Documents\ISEL\Semestre 5\SE\workspace\DRIVERS\Debug\libDRIVERS.a(DRIVERS_MFRC522.o)
 .comment       0x00000045       0x46 C:\Users\carlo\Documents\ISEL\Semestre 5\SE\workspace\DRIVERS\Debug\libDRIVERS.a(ENCODER.o)
 .comment       0x00000045       0x46 C:\Users\carlo\Documents\ISEL\Semestre 5\SE\workspace\DRIVERS\Debug\libDRIVERS.a(LCD.o)
 .comment       0x00000045       0x46 C:\Users\carlo\Documents\ISEL\Semestre 5\SE\workspace\DRIVERS\Debug\libDRIVERS.a(LED.o)
 .comment       0x00000045       0x46 C:\Users\carlo\Documents\ISEL\Semestre 5\SE\workspace\DRIVERS\Debug\libDRIVERS.a(RTC.o)
 .comment       0x00000045       0x46 C:\Users\carlo\Documents\ISEL\Semestre 5\SE\workspace\HAL\Debug\libHAL.a(SYSTICK.o)
 .comment       0x00000045       0x46 C:\Users\carlo\Documents\ISEL\Semestre 5\SE\workspace\HAL\Debug\libHAL.a(pin.o)
 .comment       0x00000045       0x46 C:\Users\carlo\Documents\ISEL\Semestre 5\SE\workspace\HAL\Debug\libHAL.a(pinconfig.o)
 .comment       0x00000045       0x46 C:\Users\carlo\Documents\ISEL\Semestre 5\SE\workspace\HAL\Debug\libHAL.a(rtcHal.o)
 .comment       0x00000045       0x46 C:\Users\carlo\Documents\ISEL\Semestre 5\SE\workspace\HAL\Debug\libHAL.a(spi.o)
 .comment       0x00000045       0x46 C:\Users\carlo\Documents\ISEL\Semestre 5\SE\workspace\HAL\Debug\libHAL.a(timer.o)
 .comment       0x00000045       0x46 C:\Users\carlo\Documents\ISEL\Semestre 5\SE\SE\CMSIS_CORE_LPC17XX\Debug\libCMSIS_CORE_LPC17xx.a(system_LPC17xx.o)
 .comment       0x00000045       0x46 c:/nxp/mcuxpressoide_11.8.0_1165/ide/plugins/com.nxp.mcuxpresso.tools.win32_11.8.0.202306131047/tools/bin/../lib/gcc/arm-none-eabi/12.2.1/../../../../arm-none-eabi/lib/thumb/v7-m/nofp\libcr_semihost.a(_cr__main.o)
 .comment       0x00000045       0x46 c:/nxp/mcuxpressoide_11.8.0_1165/ide/plugins/com.nxp.mcuxpresso.tools.win32_11.8.0.202306131047/tools/bin/../lib/gcc/arm-none-eabi/12.2.1/../../../../arm-none-eabi/lib/thumb/v7-m/nofp\libcr_c.a(memcpy.o)
 .comment       0x00000045       0x46 c:/nxp/mcuxpressoide_11.8.0_1165/ide/plugins/com.nxp.mcuxpresso.tools.win32_11.8.0.202306131047/tools/bin/../lib/gcc/arm-none-eabi/12.2.1/../../../../arm-none-eabi/lib/thumb/v7-m/nofp\libcr_c.a(cr_time.o)
 .comment       0x00000045       0x46 c:/nxp/mcuxpressoide_11.8.0_1165/ide/plugins/com.nxp.mcuxpresso.tools.win32_11.8.0.202306131047/tools/bin/../lib/gcc/arm-none-eabi/12.2.1/../../../../arm-none-eabi/lib/thumb/v7-m/nofp\libcr_c.a(fpprintf.o)
 .comment       0x00000045       0x46 c:/nxp/mcuxpressoide_11.8.0_1165/ide/plugins/com.nxp.mcuxpresso.tools.win32_11.8.0.202306131047/tools/bin/../lib/gcc/arm-none-eabi/12.2.1/../../../../arm-none-eabi/lib/thumb/v7-m/nofp\libcr_c.a(initio.o)
 .comment       0x00000045       0x46 c:/nxp/mcuxpressoide_11.8.0_1165/ide/plugins/com.nxp.mcuxpresso.tools.win32_11.8.0.202306131047/tools/bin/../lib/gcc/arm-none-eabi/12.2.1/../../../../arm-none-eabi/lib/thumb/v7-m/nofp\libcr_c.a(printf.o)
 .comment       0x00000045       0x46 c:/nxp/mcuxpressoide_11.8.0_1165/ide/plugins/com.nxp.mcuxpresso.tools.win32_11.8.0.202306131047/tools/bin/../lib/gcc/arm-none-eabi/12.2.1/../../../../arm-none-eabi/lib/thumb/v7-m/nofp\libcr_c.a(setvbuf.o)
 .comment       0x00000045       0x46 c:/nxp/mcuxpressoide_11.8.0_1165/ide/plugins/com.nxp.mcuxpresso.tools.win32_11.8.0.202306131047/tools/bin/../lib/gcc/arm-none-eabi/12.2.1/../../../../arm-none-eabi/lib/thumb/v7-m/nofp\libcr_c.a(strlen.o)
 .comment       0x00000045       0x46 c:/nxp/mcuxpressoide_11.8.0_1165/ide/plugins/com.nxp.mcuxpresso.tools.win32_11.8.0.202306131047/tools/bin/../lib/gcc/arm-none-eabi/12.2.1/../../../../arm-none-eabi/lib/thumb/v7-m/nofp\libcr_c.a(memset.o)
 .comment       0x00000045       0x46 c:/nxp/mcuxpressoide_11.8.0_1165/ide/plugins/com.nxp.mcuxpresso.tools.win32_11.8.0.202306131047/tools/bin/../lib/gcc/arm-none-eabi/12.2.1/../../../../arm-none-eabi/lib/thumb/v7-m/nofp\libcr_c.a(_deferredlazyseek.o)
 .comment       0x00000045       0x46 c:/nxp/mcuxpressoide_11.8.0_1165/ide/plugins/com.nxp.mcuxpresso.tools.win32_11.8.0.202306131047/tools/bin/../lib/gcc/arm-none-eabi/12.2.1/../../../../arm-none-eabi/lib/thumb/v7-m/nofp\libcr_c.a(_fdopen.o)
 .comment       0x00000045       0x46 c:/nxp/mcuxpressoide_11.8.0_1165/ide/plugins/com.nxp.mcuxpresso.tools.win32_11.8.0.202306131047/tools/bin/../lib/gcc/arm-none-eabi/12.2.1/../../../../arm-none-eabi/lib/thumb/v7-m/nofp\libcr_c.a(_fflush.o)
 .comment       0x00000045       0x46 c:/nxp/mcuxpressoide_11.8.0_1165/ide/plugins/com.nxp.mcuxpresso.tools.win32_11.8.0.202306131047/tools/bin/../lib/gcc/arm-none-eabi/12.2.1/../../../../arm-none-eabi/lib/thumb/v7-m/nofp\libcr_c.a(_frexpl.o)
 .comment       0x00000045       0x46 c:/nxp/mcuxpressoide_11.8.0_1165/ide/plugins/com.nxp.mcuxpresso.tools.win32_11.8.0.202306131047/tools/bin/../lib/gcc/arm-none-eabi/12.2.1/../../../../arm-none-eabi/lib/thumb/v7-m/nofp\libcr_c.a(_ldexpl.o)
 .comment       0x00000045       0x46 c:/nxp/mcuxpressoide_11.8.0_1165/ide/plugins/com.nxp.mcuxpresso.tools.win32_11.8.0.202306131047/tools/bin/../lib/gcc/arm-none-eabi/12.2.1/../../../../arm-none-eabi/lib/thumb/v7-m/nofp\libcr_c.a(_writebuf.o)
 .comment       0x00000045       0x46 c:/nxp/mcuxpressoide_11.8.0_1165/ide/plugins/com.nxp.mcuxpresso.tools.win32_11.8.0.202306131047/tools/bin/../lib/gcc/arm-none-eabi/12.2.1/../../../../arm-none-eabi/lib/thumb/v7-m/nofp\libcr_c.a(alloc.o)
 .comment       0x00000045       0x46 c:/nxp/mcuxpressoide_11.8.0_1165/ide/plugins/com.nxp.mcuxpresso.tools.win32_11.8.0.202306131047/tools/bin/../lib/gcc/arm-none-eabi/12.2.1/../../../../arm-none-eabi/lib/thumb/v7-m/nofp\libcr_c.a(errno.o)
 .comment       0x00000045       0x46 c:/nxp/mcuxpressoide_11.8.0_1165/ide/plugins/com.nxp.mcuxpresso.tools.win32_11.8.0.202306131047/tools/bin/../lib/gcc/arm-none-eabi/12.2.1/../../../../arm-none-eabi/lib/thumb/v7-m/nofp\libcr_c.a(fclose.o)
 .comment       0x00000045       0x46 c:/nxp/mcuxpressoide_11.8.0_1165/ide/plugins/com.nxp.mcuxpresso.tools.win32_11.8.0.202306131047/tools/bin/../lib/gcc/arm-none-eabi/12.2.1/../../../../arm-none-eabi/lib/thumb/v7-m/nofp\libcr_c.a(fflush.o)
 .comment       0x00000045       0x46 c:/nxp/mcuxpressoide_11.8.0_1165/ide/plugins/com.nxp.mcuxpresso.tools.win32_11.8.0.202306131047/tools/bin/../lib/gcc/arm-none-eabi/12.2.1/../../../../arm-none-eabi/lib/thumb/v7-m/nofp\libcr_c.a(fseek.o)
 .comment       0x00000045       0x46 c:/nxp/mcuxpressoide_11.8.0_1165/ide/plugins/com.nxp.mcuxpresso.tools.win32_11.8.0.202306131047/tools/bin/../lib/gcc/arm-none-eabi/12.2.1/../../../../arm-none-eabi/lib/thumb/v7-m/nofp\libcr_c.a(ftell.o)
 .comment       0x00000045       0x46 c:/nxp/mcuxpressoide_11.8.0_1165/ide/plugins/com.nxp.mcuxpresso.tools.win32_11.8.0.202306131047/tools/bin/../lib/gcc/arm-none-eabi/12.2.1/../../../../arm-none-eabi/lib/thumb/v7-m/nofp\libcr_c.a(remove.o)
 .comment       0x00000045       0x46 c:/nxp/mcuxpressoide_11.8.0_1165/ide/plugins/com.nxp.mcuxpresso.tools.win32_11.8.0.202306131047/tools/bin/../lib/gcc/arm-none-eabi/12.2.1/../../../../arm-none-eabi/lib/thumb/v7-m/nofp\libcr_c.a(__init_alloc.o)
 .comment       0x00000045       0x46 c:/nxp/mcuxpressoide_11.8.0_1165/ide/plugins/com.nxp.mcuxpresso.tools.win32_11.8.0.202306131047/tools/bin/../lib/gcc/arm-none-eabi/12.2.1/../../../../arm-none-eabi/lib/thumb/v7-m/nofp\libcr_c.a(_cr_sbrk.o)
 .comment       0x00000045       0x46 c:/nxp/mcuxpressoide_11.8.0_1165/ide/plugins/com.nxp.mcuxpresso.tools.win32_11.8.0.202306131047/tools/bin/../lib/gcc/arm-none-eabi/12.2.1/../../../../arm-none-eabi/lib/thumb/v7-m/nofp\libcr_c.a(_do_fflush.o)
 .comment       0x00000045       0x46 c:/nxp/mcuxpressoide_11.8.0_1165/ide/plugins/com.nxp.mcuxpresso.tools.win32_11.8.0.202306131047/tools/bin/../lib/gcc/arm-none-eabi/12.2.1/../../../../arm-none-eabi/lib/thumb/v7-m/nofp\libcr_c.a(_cr_check_heap.o)
 .comment       0x00000045       0x46 c:/nxp/mcuxpressoide_11.8.0_1165/ide/plugins/com.nxp.mcuxpresso.tools.win32_11.8.0.202306131047/tools/bin/../lib/gcc/arm-none-eabi/12.2.1/thumb/v7-m/nofp\libcr_eabihelpers.a(double.o)
 .comment       0x00000045       0x46 c:/nxp/mcuxpressoide_11.8.0_1165/ide/plugins/com.nxp.mcuxpresso.tools.win32_11.8.0.202306131047/tools/bin/../lib/gcc/arm-none-eabi/12.2.1/../../../../arm-none-eabi/lib/thumb/v7-m/nofp\libcr_semihost.a(__ciob.o)

.ARM.attributes
                0x00000000       0x2b
 .ARM.attributes
                0x00000000       0x2d ./src/Trab.o
 .ARM.attributes
                0x0000002d       0x2d ./src/cr_startup_lpc175x_6x.o
 .ARM.attributes
                0x0000005a       0x2d ./src/crp.o
 .ARM.attributes
                0x00000087       0x2d ./src/modes.o
 .ARM.attributes
                0x000000b4       0x2d ./src/utils.o
 .ARM.attributes
                0x000000e1       0x2d C:\Users\carlo\Documents\ISEL\Semestre 5\SE\workspace\MFRC522\Release\libMFRC522.a(mfrc522.o)
 .ARM.attributes
                0x0000010e       0x2d C:\Users\carlo\Documents\ISEL\Semestre 5\SE\workspace\DRIVERS\Debug\libDRIVERS.a(DELAY.o)
 .ARM.attributes
                0x0000013b       0x2d C:\Users\carlo\Documents\ISEL\Semestre 5\SE\workspace\DRIVERS\Debug\libDRIVERS.a(DRIVERS_MFRC522.o)
 .ARM.attributes
                0x00000168       0x2d C:\Users\carlo\Documents\ISEL\Semestre 5\SE\workspace\DRIVERS\Debug\libDRIVERS.a(ENCODER.o)
 .ARM.attributes
                0x00000195       0x2d C:\Users\carlo\Documents\ISEL\Semestre 5\SE\workspace\DRIVERS\Debug\libDRIVERS.a(LCD.o)
 .ARM.attributes
                0x000001c2       0x2d C:\Users\carlo\Documents\ISEL\Semestre 5\SE\workspace\DRIVERS\Debug\libDRIVERS.a(LED.o)
 .ARM.attributes
                0x000001ef       0x2d C:\Users\carlo\Documents\ISEL\Semestre 5\SE\workspace\DRIVERS\Debug\libDRIVERS.a(RTC.o)
 .ARM.attributes
                0x0000021c       0x2d C:\Users\carlo\Documents\ISEL\Semestre 5\SE\workspace\HAL\Debug\libHAL.a(SYSTICK.o)
 .ARM.attributes
                0x00000249       0x2d C:\Users\carlo\Documents\ISEL\Semestre 5\SE\workspace\HAL\Debug\libHAL.a(pin.o)
 .ARM.attributes
                0x00000276       0x2d C:\Users\carlo\Documents\ISEL\Semestre 5\SE\workspace\HAL\Debug\libHAL.a(pinconfig.o)
 .ARM.attributes
                0x000002a3       0x2d C:\Users\carlo\Documents\ISEL\Semestre 5\SE\workspace\HAL\Debug\libHAL.a(rtcHal.o)
 .ARM.attributes
                0x000002d0       0x2d C:\Users\carlo\Documents\ISEL\Semestre 5\SE\workspace\HAL\Debug\libHAL.a(spi.o)
 .ARM.attributes
                0x000002fd       0x2d C:\Users\carlo\Documents\ISEL\Semestre 5\SE\workspace\HAL\Debug\libHAL.a(timer.o)
 .ARM.attributes
                0x0000032a       0x2d C:\Users\carlo\Documents\ISEL\Semestre 5\SE\SE\CMSIS_CORE_LPC17XX\Debug\libCMSIS_CORE_LPC17xx.a(system_LPC17xx.o)
 .ARM.attributes
                0x00000357       0x2d c:/nxp/mcuxpressoide_11.8.0_1165/ide/plugins/com.nxp.mcuxpresso.tools.win32_11.8.0.202306131047/tools/bin/../lib/gcc/arm-none-eabi/12.2.1/../../../../arm-none-eabi/lib/thumb/v7-m/nofp\libcr_semihost.a(_cr__main.o)
 .ARM.attributes
                0x00000384       0x2d c:/nxp/mcuxpressoide_11.8.0_1165/ide/plugins/com.nxp.mcuxpresso.tools.win32_11.8.0.202306131047/tools/bin/../lib/gcc/arm-none-eabi/12.2.1/../../../../arm-none-eabi/lib/thumb/v7-m/nofp\libcr_c.a(memcpy.o)
 .ARM.attributes
                0x000003b1       0x2d c:/nxp/mcuxpressoide_11.8.0_1165/ide/plugins/com.nxp.mcuxpresso.tools.win32_11.8.0.202306131047/tools/bin/../lib/gcc/arm-none-eabi/12.2.1/../../../../arm-none-eabi/lib/thumb/v7-m/nofp\libcr_c.a(cr_time.o)
 .ARM.attributes
                0x000003de       0x2d c:/nxp/mcuxpressoide_11.8.0_1165/ide/plugins/com.nxp.mcuxpresso.tools.win32_11.8.0.202306131047/tools/bin/../lib/gcc/arm-none-eabi/12.2.1/../../../../arm-none-eabi/lib/thumb/v7-m/nofp\libcr_c.a(fpprintf.o)
 .ARM.attributes
                0x0000040b       0x2d c:/nxp/mcuxpressoide_11.8.0_1165/ide/plugins/com.nxp.mcuxpresso.tools.win32_11.8.0.202306131047/tools/bin/../lib/gcc/arm-none-eabi/12.2.1/../../../../arm-none-eabi/lib/thumb/v7-m/nofp\libcr_c.a(initio.o)
 .ARM.attributes
                0x00000438       0x2d c:/nxp/mcuxpressoide_11.8.0_1165/ide/plugins/com.nxp.mcuxpresso.tools.win32_11.8.0.202306131047/tools/bin/../lib/gcc/arm-none-eabi/12.2.1/../../../../arm-none-eabi/lib/thumb/v7-m/nofp\libcr_c.a(printf.o)
 .ARM.attributes
                0x00000465       0x2d c:/nxp/mcuxpressoide_11.8.0_1165/ide/plugins/com.nxp.mcuxpresso.tools.win32_11.8.0.202306131047/tools/bin/../lib/gcc/arm-none-eabi/12.2.1/../../../../arm-none-eabi/lib/thumb/v7-m/nofp\libcr_c.a(setvbuf.o)
 .ARM.attributes
                0x00000492       0x2d c:/nxp/mcuxpressoide_11.8.0_1165/ide/plugins/com.nxp.mcuxpresso.tools.win32_11.8.0.202306131047/tools/bin/../lib/gcc/arm-none-eabi/12.2.1/../../../../arm-none-eabi/lib/thumb/v7-m/nofp\libcr_c.a(strlen.o)
 .ARM.attributes
                0x000004bf       0x2d c:/nxp/mcuxpressoide_11.8.0_1165/ide/plugins/com.nxp.mcuxpresso.tools.win32_11.8.0.202306131047/tools/bin/../lib/gcc/arm-none-eabi/12.2.1/../../../../arm-none-eabi/lib/thumb/v7-m/nofp\libcr_c.a(memset.o)
 .ARM.attributes
                0x000004ec       0x2d c:/nxp/mcuxpressoide_11.8.0_1165/ide/plugins/com.nxp.mcuxpresso.tools.win32_11.8.0.202306131047/tools/bin/../lib/gcc/arm-none-eabi/12.2.1/../../../../arm-none-eabi/lib/thumb/v7-m/nofp\libcr_c.a(_deferredlazyseek.o)
 .ARM.attributes
                0x00000519       0x2d c:/nxp/mcuxpressoide_11.8.0_1165/ide/plugins/com.nxp.mcuxpresso.tools.win32_11.8.0.202306131047/tools/bin/../lib/gcc/arm-none-eabi/12.2.1/../../../../arm-none-eabi/lib/thumb/v7-m/nofp\libcr_c.a(_fdopen.o)
 .ARM.attributes
                0x00000546       0x2d c:/nxp/mcuxpressoide_11.8.0_1165/ide/plugins/com.nxp.mcuxpresso.tools.win32_11.8.0.202306131047/tools/bin/../lib/gcc/arm-none-eabi/12.2.1/../../../../arm-none-eabi/lib/thumb/v7-m/nofp\libcr_c.a(_fflush.o)
 .ARM.attributes
                0x00000573       0x2d c:/nxp/mcuxpressoide_11.8.0_1165/ide/plugins/com.nxp.mcuxpresso.tools.win32_11.8.0.202306131047/tools/bin/../lib/gcc/arm-none-eabi/12.2.1/../../../../arm-none-eabi/lib/thumb/v7-m/nofp\libcr_c.a(_frexpl.o)
 .ARM.attributes
                0x000005a0       0x2d c:/nxp/mcuxpressoide_11.8.0_1165/ide/plugins/com.nxp.mcuxpresso.tools.win32_11.8.0.202306131047/tools/bin/../lib/gcc/arm-none-eabi/12.2.1/../../../../arm-none-eabi/lib/thumb/v7-m/nofp\libcr_c.a(_ldexpl.o)
 .ARM.attributes
                0x000005cd       0x2d c:/nxp/mcuxpressoide_11.8.0_1165/ide/plugins/com.nxp.mcuxpresso.tools.win32_11.8.0.202306131047/tools/bin/../lib/gcc/arm-none-eabi/12.2.1/../../../../arm-none-eabi/lib/thumb/v7-m/nofp\libcr_c.a(_writebuf.o)
 .ARM.attributes
                0x000005fa       0x2d c:/nxp/mcuxpressoide_11.8.0_1165/ide/plugins/com.nxp.mcuxpresso.tools.win32_11.8.0.202306131047/tools/bin/../lib/gcc/arm-none-eabi/12.2.1/../../../../arm-none-eabi/lib/thumb/v7-m/nofp\libcr_c.a(alloc.o)
 .ARM.attributes
                0x00000627       0x2d c:/nxp/mcuxpressoide_11.8.0_1165/ide/plugins/com.nxp.mcuxpresso.tools.win32_11.8.0.202306131047/tools/bin/../lib/gcc/arm-none-eabi/12.2.1/../../../../arm-none-eabi/lib/thumb/v7-m/nofp\libcr_c.a(errno.o)
 .ARM.attributes
                0x00000654       0x2d c:/nxp/mcuxpressoide_11.8.0_1165/ide/plugins/com.nxp.mcuxpresso.tools.win32_11.8.0.202306131047/tools/bin/../lib/gcc/arm-none-eabi/12.2.1/../../../../arm-none-eabi/lib/thumb/v7-m/nofp\libcr_c.a(fclose.o)
 .ARM.attributes
                0x00000681       0x2d c:/nxp/mcuxpressoide_11.8.0_1165/ide/plugins/com.nxp.mcuxpresso.tools.win32_11.8.0.202306131047/tools/bin/../lib/gcc/arm-none-eabi/12.2.1/../../../../arm-none-eabi/lib/thumb/v7-m/nofp\libcr_c.a(fflush.o)
 .ARM.attributes
                0x000006ae       0x2d c:/nxp/mcuxpressoide_11.8.0_1165/ide/plugins/com.nxp.mcuxpresso.tools.win32_11.8.0.202306131047/tools/bin/../lib/gcc/arm-none-eabi/12.2.1/../../../../arm-none-eabi/lib/thumb/v7-m/nofp\libcr_c.a(fseek.o)
 .ARM.attributes
                0x000006db       0x2d c:/nxp/mcuxpressoide_11.8.0_1165/ide/plugins/com.nxp.mcuxpresso.tools.win32_11.8.0.202306131047/tools/bin/../lib/gcc/arm-none-eabi/12.2.1/../../../../arm-none-eabi/lib/thumb/v7-m/nofp\libcr_c.a(ftell.o)
 .ARM.attributes
                0x00000708       0x2d c:/nxp/mcuxpressoide_11.8.0_1165/ide/plugins/com.nxp.mcuxpresso.tools.win32_11.8.0.202306131047/tools/bin/../lib/gcc/arm-none-eabi/12.2.1/../../../../arm-none-eabi/lib/thumb/v7-m/nofp\libcr_c.a(remove.o)
 .ARM.attributes
                0x00000735       0x2d c:/nxp/mcuxpressoide_11.8.0_1165/ide/plugins/com.nxp.mcuxpresso.tools.win32_11.8.0.202306131047/tools/bin/../lib/gcc/arm-none-eabi/12.2.1/../../../../arm-none-eabi/lib/thumb/v7-m/nofp\libcr_c.a(__init_alloc.o)
 .ARM.attributes
                0x00000762       0x2d c:/nxp/mcuxpressoide_11.8.0_1165/ide/plugins/com.nxp.mcuxpresso.tools.win32_11.8.0.202306131047/tools/bin/../lib/gcc/arm-none-eabi/12.2.1/../../../../arm-none-eabi/lib/thumb/v7-m/nofp\libcr_c.a(_cr_sbrk.o)
 .ARM.attributes
                0x0000078f       0x2d c:/nxp/mcuxpressoide_11.8.0_1165/ide/plugins/com.nxp.mcuxpresso.tools.win32_11.8.0.202306131047/tools/bin/../lib/gcc/arm-none-eabi/12.2.1/../../../../arm-none-eabi/lib/thumb/v7-m/nofp\libcr_c.a(_do_fflush.o)
 .ARM.attributes
                0x000007bc       0x2d c:/nxp/mcuxpressoide_11.8.0_1165/ide/plugins/com.nxp.mcuxpresso.tools.win32_11.8.0.202306131047/tools/bin/../lib/gcc/arm-none-eabi/12.2.1/../../../../arm-none-eabi/lib/thumb/v7-m/nofp\libcr_c.a(_cr_check_heap.o)
 .ARM.attributes
                0x000007e9       0x1b c:/nxp/mcuxpressoide_11.8.0_1165/ide/plugins/com.nxp.mcuxpresso.tools.win32_11.8.0.202306131047/tools/bin/../lib/gcc/arm-none-eabi/12.2.1/thumb/v7-m/nofp\libcr_eabihelpers.a(division_64.o)
 .ARM.attributes
                0x00000804       0x1b c:/nxp/mcuxpressoide_11.8.0_1165/ide/plugins/com.nxp.mcuxpresso.tools.win32_11.8.0.202306131047/tools/bin/../lib/gcc/arm-none-eabi/12.2.1/thumb/v7-m/nofp\libcr_eabihelpers.a(division_idiv0.o)
 .ARM.attributes
                0x0000081f       0x2d c:/nxp/mcuxpressoide_11.8.0_1165/ide/plugins/com.nxp.mcuxpresso.tools.win32_11.8.0.202306131047/tools/bin/../lib/gcc/arm-none-eabi/12.2.1/thumb/v7-m/nofp\libcr_eabihelpers.a(double.o)
 .ARM.attributes
                0x0000084c       0x1b c:/nxp/mcuxpressoide_11.8.0_1165/ide/plugins/com.nxp.mcuxpresso.tools.win32_11.8.0.202306131047/tools/bin/../lib/gcc/arm-none-eabi/12.2.1/thumb/v7-m/nofp\libcr_eabihelpers.a(memcpy.o)
 .ARM.attributes
                0x00000867       0x2d c:/nxp/mcuxpressoide_11.8.0_1165/ide/plugins/com.nxp.mcuxpresso.tools.win32_11.8.0.202306131047/tools/bin/../lib/gcc/arm-none-eabi/12.2.1/../../../../arm-none-eabi/lib/thumb/v7-m/nofp\libcr_semihost.a(__ciob.o)
 .ARM.attributes
                0x00000894       0x1b c:/nxp/mcuxpressoide_11.8.0_1165/ide/plugins/com.nxp.mcuxpresso.tools.win32_11.8.0.202306131047/tools/bin/../lib/gcc/arm-none-eabi/12.2.1/../../../../arm-none-eabi/lib/thumb/v7-m/nofp\libcr_semihost.a(__sys_appexit.o)
 .ARM.attributes
                0x000008af       0x1b c:/nxp/mcuxpressoide_11.8.0_1165/ide/plugins/com.nxp.mcuxpresso.tools.win32_11.8.0.202306131047/tools/bin/../lib/gcc/arm-none-eabi/12.2.1/../../../../arm-none-eabi/lib/thumb/v7-m/nofp\libcr_semihost.a(__sys_close.o)
 .ARM.attributes
                0x000008ca       0x1b c:/nxp/mcuxpressoide_11.8.0_1165/ide/plugins/com.nxp.mcuxpresso.tools.win32_11.8.0.202306131047/tools/bin/../lib/gcc/arm-none-eabi/12.2.1/../../../../arm-none-eabi/lib/thumb/v7-m/nofp\libcr_semihost.a(__sys_flen.o)
 .ARM.attributes
                0x000008e5       0x1b c:/nxp/mcuxpressoide_11.8.0_1165/ide/plugins/com.nxp.mcuxpresso.tools.win32_11.8.0.202306131047/tools/bin/../lib/gcc/arm-none-eabi/12.2.1/../../../../arm-none-eabi/lib/thumb/v7-m/nofp\libcr_semihost.a(__sys_istty.o)
 .ARM.attributes
                0x00000900       0x1b c:/nxp/mcuxpressoide_11.8.0_1165/ide/plugins/com.nxp.mcuxpresso.tools.win32_11.8.0.202306131047/tools/bin/../lib/gcc/arm-none-eabi/12.2.1/../../../../arm-none-eabi/lib/thumb/v7-m/nofp\libcr_semihost.a(__sys_remove.o)
 .ARM.attributes
                0x0000091b       0x1b c:/nxp/mcuxpressoide_11.8.0_1165/ide/plugins/com.nxp.mcuxpresso.tools.win32_11.8.0.202306131047/tools/bin/../lib/gcc/arm-none-eabi/12.2.1/../../../../arm-none-eabi/lib/thumb/v7-m/nofp\libcr_semihost.a(__sys_seek.o)
 .ARM.attributes
                0x00000936       0x1b c:/nxp/mcuxpressoide_11.8.0_1165/ide/plugins/com.nxp.mcuxpresso.tools.win32_11.8.0.202306131047/tools/bin/../lib/gcc/arm-none-eabi/12.2.1/../../../../arm-none-eabi/lib/thumb/v7-m/nofp\libcr_semihost.a(__sys_time.o)
 .ARM.attributes
                0x00000951       0x1b c:/nxp/mcuxpressoide_11.8.0_1165/ide/plugins/com.nxp.mcuxpresso.tools.win32_11.8.0.202306131047/tools/bin/../lib/gcc/arm-none-eabi/12.2.1/../../../../arm-none-eabi/lib/thumb/v7-m/nofp\libcr_semihost.a(__sys_tmpnam.o)
 .ARM.attributes
                0x0000096c       0x1b c:/nxp/mcuxpressoide_11.8.0_1165/ide/plugins/com.nxp.mcuxpresso.tools.win32_11.8.0.202306131047/tools/bin/../lib/gcc/arm-none-eabi/12.2.1/../../../../arm-none-eabi/lib/thumb/v7-m/nofp\libcr_semihost.a(__sys_write.o)

.debug_frame    0x00000000      0xe38
 .debug_frame   0x00000000       0x30 ./src/Trab.o
 .debug_frame   0x00000030      0x170 ./src/cr_startup_lpc175x_6x.o
 .debug_frame   0x000001a0      0x1e0 ./src/modes.o
 .debug_frame   0x00000380       0xd4 ./src/utils.o
 .debug_frame   0x00000454       0xb4 C:\Users\carlo\Documents\ISEL\Semestre 5\SE\workspace\DRIVERS\Debug\libDRIVERS.a(DELAY.o)
 .debug_frame   0x00000508       0xbc C:\Users\carlo\Documents\ISEL\Semestre 5\SE\workspace\DRIVERS\Debug\libDRIVERS.a(DRIVERS_MFRC522.o)
 .debug_frame   0x000005c4       0xe8 C:\Users\carlo\Documents\ISEL\Semestre 5\SE\workspace\DRIVERS\Debug\libDRIVERS.a(ENCODER.o)
 .debug_frame   0x000006ac      0x180 C:\Users\carlo\Documents\ISEL\Semestre 5\SE\workspace\DRIVERS\Debug\libDRIVERS.a(LCD.o)
 .debug_frame   0x0000082c       0xa4 C:\Users\carlo\Documents\ISEL\Semestre 5\SE\workspace\DRIVERS\Debug\libDRIVERS.a(LED.o)
 .debug_frame   0x000008d0       0xbc C:\Users\carlo\Documents\ISEL\Semestre 5\SE\workspace\DRIVERS\Debug\libDRIVERS.a(RTC.o)
 .debug_frame   0x0000098c       0xc0 C:\Users\carlo\Documents\ISEL\Semestre 5\SE\workspace\HAL\Debug\libHAL.a(SYSTICK.o)